Archive member included to satisfy reference by file (symbol)

c:/progra~1/raspbe~1/picosd~1.1/gcc-ar~1/bin/../lib/gcc/arm-none-eabi/10.3.1/thumb/v6-m/nofp\libgcc.a(_dvmd_tls.o)
                              CMakeFiles/fable_navigation_bridge.dir/C_/Program_Files/Raspberry_Pi/Pico_SDK_v1.5.1/pico-sdk/src/rp2_common/pico_divider/divider.S.obj (__aeabi_idiv0)
c:/progra~1/raspbe~1/picosd~1.1/gcc-ar~1/bin/../lib/gcc/arm-none-eabi/10.3.1/../../../../arm-none-eabi/lib/thumb/v6-m/nofp\libc.a(lib_a-calloc.o)
                              CMakeFiles/fable_navigation_bridge.dir/C_/Program_Files/Raspberry_Pi/Pico_SDK_v1.5.1/pico-sdk/src/rp2_common/pico_malloc/pico_malloc.c.obj (calloc)
c:/progra~1/raspbe~1/picosd~1.1/gcc-ar~1/bin/../lib/gcc/arm-none-eabi/10.3.1/../../../../arm-none-eabi/lib/thumb/v6-m/nofp\libc.a(lib_a-callocr.o)
                              c:/progra~1/raspbe~1/picosd~1.1/gcc-ar~1/bin/../lib/gcc/arm-none-eabi/10.3.1/../../../../arm-none-eabi/lib/thumb/v6-m/nofp\libc.a(lib_a-calloc.o) (_calloc_r)
c:/progra~1/raspbe~1/picosd~1.1/gcc-ar~1/bin/../lib/gcc/arm-none-eabi/10.3.1/../../../../arm-none-eabi/lib/thumb/v6-m/nofp\libc.a(lib_a-errno.o)
                              c:/progra~1/raspbe~1/picosd~1.1/gcc-ar~1/bin/../lib/gcc/arm-none-eabi/10.3.1/../../../../arm-none-eabi/lib/thumb/v6-m/nofp\libc.a(lib_a-callocr.o) (__errno)
c:/progra~1/raspbe~1/picosd~1.1/gcc-ar~1/bin/../lib/gcc/arm-none-eabi/10.3.1/../../../../arm-none-eabi/lib/thumb/v6-m/nofp\libc.a(lib_a-impure.o)
                              c:/progra~1/raspbe~1/picosd~1.1/gcc-ar~1/bin/../lib/gcc/arm-none-eabi/10.3.1/../../../../arm-none-eabi/lib/thumb/v6-m/nofp\libc.a(lib_a-calloc.o) (_impure_ptr)
c:/progra~1/raspbe~1/picosd~1.1/gcc-ar~1/bin/../lib/gcc/arm-none-eabi/10.3.1/../../../../arm-none-eabi/lib/thumb/v6-m/nofp\libc.a(lib_a-init.o)
                              c:/progra~1/raspbe~1/picosd~1.1/gcc-ar~1/bin/../lib/gcc/arm-none-eabi/10.3.1/../../../../arm-none-eabi/lib/thumb/v6-m/nofp/crt0.o (__libc_init_array)
c:/progra~1/raspbe~1/picosd~1.1/gcc-ar~1/bin/../lib/gcc/arm-none-eabi/10.3.1/../../../../arm-none-eabi/lib/thumb/v6-m/nofp\libc.a(lib_a-malloc.o)
                              CMakeFiles/fable_navigation_bridge.dir/C_/Program_Files/Raspberry_Pi/Pico_SDK_v1.5.1/pico-sdk/src/rp2_common/pico_malloc/pico_malloc.c.obj (malloc)
c:/progra~1/raspbe~1/picosd~1.1/gcc-ar~1/bin/../lib/gcc/arm-none-eabi/10.3.1/../../../../arm-none-eabi/lib/thumb/v6-m/nofp\libc.a(lib_a-mallocr.o)
                              c:/progra~1/raspbe~1/picosd~1.1/gcc-ar~1/bin/../lib/gcc/arm-none-eabi/10.3.1/../../../../arm-none-eabi/lib/thumb/v6-m/nofp\libc.a(lib_a-callocr.o) (_malloc_r)
c:/progra~1/raspbe~1/picosd~1.1/gcc-ar~1/bin/../lib/gcc/arm-none-eabi/10.3.1/../../../../arm-none-eabi/lib/thumb/v6-m/nofp\libc.a(lib_a-mlock.o)
                              c:/progra~1/raspbe~1/picosd~1.1/gcc-ar~1/bin/../lib/gcc/arm-none-eabi/10.3.1/../../../../arm-none-eabi/lib/thumb/v6-m/nofp\libc.a(lib_a-mallocr.o) (__malloc_lock)
c:/progra~1/raspbe~1/picosd~1.1/gcc-ar~1/bin/../lib/gcc/arm-none-eabi/10.3.1/../../../../arm-none-eabi/lib/thumb/v6-m/nofp\libc.a(lib_a-realloc.o)
                              CMakeFiles/fable_navigation_bridge.dir/C_/Program_Files/Raspberry_Pi/Pico_SDK_v1.5.1/pico-sdk/src/rp2_common/pico_malloc/pico_malloc.c.obj (realloc)
c:/progra~1/raspbe~1/picosd~1.1/gcc-ar~1/bin/../lib/gcc/arm-none-eabi/10.3.1/../../../../arm-none-eabi/lib/thumb/v6-m/nofp\libc.a(lib_a-reallocr.o)
                              c:/progra~1/raspbe~1/picosd~1.1/gcc-ar~1/bin/../lib/gcc/arm-none-eabi/10.3.1/../../../../arm-none-eabi/lib/thumb/v6-m/nofp\libc.a(lib_a-realloc.o) (_realloc_r)
c:/progra~1/raspbe~1/picosd~1.1/gcc-ar~1/bin/../lib/gcc/arm-none-eabi/10.3.1/../../../../arm-none-eabi/lib/thumb/v6-m/nofp\libc.a(lib_a-sbrkr.o)
                              c:/progra~1/raspbe~1/picosd~1.1/gcc-ar~1/bin/../lib/gcc/arm-none-eabi/10.3.1/../../../../arm-none-eabi/lib/thumb/v6-m/nofp\libc.a(lib_a-mallocr.o) (_sbrk_r)
c:/progra~1/raspbe~1/picosd~1.1/gcc-ar~1/bin/../lib/gcc/arm-none-eabi/10.3.1/../../../../arm-none-eabi/lib/thumb/v6-m/nofp\libc.a(lib_a-strlen-stub.o)
                              CMakeFiles/fable_navigation_bridge.dir/C_/Program_Files/Raspberry_Pi/Pico_SDK_v1.5.1/pico-sdk/src/rp2_common/pico_stdio/stdio.c.obj (strlen)
c:/progra~1/raspbe~1/picosd~1.1/gcc-ar~1/bin/../lib/gcc/arm-none-eabi/10.3.1/../../../../arm-none-eabi/lib/thumb/v6-m/nofp\libc.a(lib_a-freer.o)
                              c:/progra~1/raspbe~1/picosd~1.1/gcc-ar~1/bin/../lib/gcc/arm-none-eabi/10.3.1/../../../../arm-none-eabi/lib/thumb/v6-m/nofp\libc.a(lib_a-malloc.o) (_free_r)
c:/progra~1/raspbe~1/picosd~1.1/gcc-ar~1/bin/../lib/gcc/arm-none-eabi/10.3.1/../../../../arm-none-eabi/lib/thumb/v6-m/nofp\libc.a(lib_a-lock.o)
[...]
Memory Configuration

Name             Origin             Length             Attributes
FLASH            0x10000000         0x00200000         xr
RAM              0x20000000         0x00040000         xrw
SCRATCH_X        0x20040000         0x00001000         xrw
SCRATCH_Y        0x20041000         0x00001000         xrw
*default*        0x00000000         0xffffffff

Linker script and memory map

LOAD c:/progra~1/raspbe~1/picosd~1.1/gcc-ar~1/bin/../lib/gcc/arm-none-eabi/10.3.1/thumb/v6-m/nofp/crti.o
LOAD c:/progra~1/raspbe~1/picosd~1.1/gcc-ar~1/bin/../lib/gcc/arm-none-eabi/10.3.1/thumb/v6-m/nofp/crtbegin.o
LOAD c:/progra~1/raspbe~1/picosd~1.1/gcc-ar~1/bin/../lib/gcc/arm-none-eabi/10.3.1/../../../../arm-none-eabi/lib/thumb/v6-m/nofp/crt0.o

.flash_begin    0x10000000        0x0
                0x10000000                __flash_binary_start = .

.boot2          0x10000000      0x100
                0x10000000                __boot2_start__ = .
 *(.boot2)
 .boot2         0x10000000      0x100 C:\Users\khans\AppData\Local\Temp\ccUlL7y7.o
                0x10000100                __boot2_end__ = .
                0x00000001                ASSERT (((__boot2_end__ - __boot2_start__) == 0x100), ERROR: Pico second stage bootloader must be 256 bytes in size)

.text           0x10000100     0x7690
                0x10000100                __logical_binary_start = .
 *(.vectors)
 .vectors       0x10000100       0xd4 CMakeFiles/fable_navigation_bridge.dir/C_/Program_Files/Raspberry_Pi/Pico_SDK_v1.5.1/pico-sdk/src/rp2_common/pico_standard_link/crt0.S.obj
                0x10000100                __VECTOR_TABLE
                0x10000100                __vectors
                0x100001c0                isr_invalid
                0x100001c0                __default_isrs_start
                0x100001c2                isr_nmi
                0x100001c4                isr_hardfault
                0x100001c6                isr_svcall
                0x100001c8                isr_pendsv
                0x100001ca                isr_systick
                0x100001cc                isr_irq23
                0x100001cc                isr_irq18
                0x100001cc                isr_irq11
                0x100001cc                isr_irq28
                0x100001cc                isr_irq19
                0x100001cc                isr_irq0
                0x100001cc                isr_irq6
                0x100001cc                isr_irq5
                0x100001cc                isr_irq12
                0x100001cc                isr_irq22
                0x100001cc                isr_irq31
                0x100001cc                isr_irq17
                0x100001cc                isr_irq27
                0x100001cc                isr_irq30
                0x100001cc                isr_irq2
                0x100001cc                isr_irq10
                0x100001cc                isr_irq8
                0x100001cc                isr_irq24
                0x100001cc                isr_irq1
                0x100001cc                isr_irq7
                0x100001cc                isr_irq21
                0x100001cc                isr_irq20
                0x100001cc                isr_irq15
                0x100001cc                isr_irq25
                0x100001cc                isr_irq13
                0x100001cc                __unhandled_user_irq
                0x100001cc                isr_irq4
                0x100001cc                isr_irq16
                0x100001cc                isr_irq29
                0x100001cc                isr_irq26
                0x100001cc                __default_isrs_end
                0x100001cc                isr_irq3
                0x100001cc                isr_irq14
                0x100001cc                isr_irq9
                0x100001d2                unhandled_user_irq_num_in_r0
 *(.binary_info_header)
 .binary_info_header
                0x100001d4       0x14 CMakeFiles/fable_navigation_bridge.dir/C_/Program_Files/Raspberry_Pi/Pico_SDK_v1.5.1/pico-sdk/src/rp2_common/pico_standard_link/crt0.S.obj
                0x100001e8                __binary_info_header_end = .
 *(.reset)
 .reset         0x100001e8       0xa0 CMakeFiles/fable_navigation_bridge.dir/C_/Program_Files/Raspberry_Pi/Pico_SDK_v1.5.1/pico-sdk/src/rp2_common/pico_standard_link/crt0.S.obj
                0x100001e8                _entry_point
 .reset         0x10000288       0x30 CMakeFiles/fable_navigation_bridge.dir/C_/Program_Files/Raspberry_Pi/Pico_SDK_v1.5.1/pico-sdk/src/rp2_common/pico_standard_link/binary_info.c.obj
 *(.init)
 .init          0x100002b8        0x4 c:/progra~1/raspbe~1/picosd~1.1/gcc-ar~1/bin/../lib/gcc/arm-none-eabi/10.3.1/thumb/v6-m/nofp/crti.o
                0x100002b8                _init
 *(EXCLUDE_FILE(*libm.a: *libc.a:*lib_a-mem*.o *libgcc.a:) .text*)
 .text          0x100002bc       0x48 c:/progra~1/raspbe~1/picosd~1.1/gcc-ar~1/bin/../lib/gcc/arm-none-eabi/10.3.1/thumb/v6-m/nofp/crtbegin.o
 .text.i2c_slave_handler
                0x10000304       0x6c CMakeFiles/fable_navigation_bridge.dir/main.c.obj
 .text.ultrasonic_i2c_handler
                0x10000370       0x60 CMakeFiles/fable_navigation_bridge.dir/main.c.obj
 .text.core1_entry
                0x100003d0      0x3d8 CMakeFiles/fable_navigation_bridge.dir/main.c.obj
 .text.startup.main
                0x100007a8      0x3f8 CMakeFiles/fable_navigation_bridge.dir/main.c.obj
                0x100007a8                main
 .text.i2c_set_baudrate
                0x10000ba0       0xc4 CMakeFiles/fable_navigation_bridge.dir/C_/Program_Files/Raspberry_Pi/Pico_SDK_v1.5.1/pico-sdk/src/rp2_common/hardware_i2c/i2c.c.obj
                0x10000ba0                i2c_set_baudrate
 .text.i2c_init
                0x10000c64       0x54 CMakeFiles/fable_navigation_bridge.dir/C_/Program_Files/Raspberry_Pi/Pico_SDK_v1.5.1/pico-sdk/src/rp2_common/hardware_i2c/i2c.c.obj
                0x10000c64                i2c_init
 .text.i2c_set_slave_mode
                0x10000cb8       0x40 CMakeFiles/fable_navigation_bridge.dir/C_/Program_Files/Raspberry_Pi/Pico_SDK_v1.5.1/pico-sdk/src/rp2_common/hardware_i2c/i2c.c.obj
                0x10000cb8                i2c_set_slave_mode
 .text.running_on_fpga
                0x10000cf8       0x10 CMakeFiles/fable_navigation_bridge.dir/C_/Program_Files/Raspberry_Pi/Pico_SDK_v1.5.1/pico-sdk/src/rp2_common/pico_platform/platform.c.obj
                0x10000cf8                running_on_fpga
 .text.hw_claim_or_assert
                0x10000d08       0x44 CMakeFiles/fable_navigation_bridge.dir/C_/Program_Files/Raspberry_Pi/Pico_SDK_v1.5.1/pico-sdk/src/rp2_common/hardware_claim/claim.c.obj
                0x10000d08                hw_claim_or_assert
 .text.hw_claim_unused_from_range
                0x10000d4c       0x9c CMakeFiles/fable_navigation_bridge.dir/C_/Program_Files/Raspberry_Pi/Pico_SDK_v1.5.1/pico-sdk/src/rp2_common/hardware_claim/claim.c.obj
                0x10000d4c                hw_claim_unused_from_range
 .text.spin_locks_reset
                0x10000de8       0x1c CMakeFiles/fable_navigation_bridge.dir/C_/Program_Files/Raspberry_Pi/Pico_SDK_v1.5.1/pico-sdk/src/rp2_common/hardware_sync/sync.c.obj
                0x10000de8                spin_locks_reset
 .text.next_striped_spin_lock_num
                0x10000e04       0x18 CMakeFiles/fable_navigation_bridge.dir/C_/Program_Files/Raspberry_Pi/Pico_SDK_v1.5.1/pico-sdk/src/rp2_common/hardware_sync/sync.c.obj
                0x10000e04                next_striped_spin_lock_num
 .text.spin_lock_claim_unused
                0x10000e1c       0x20 CMakeFiles/fable_navigation_bridge.dir/C_/Program_Files/Raspberry_Pi/Pico_SDK_v1.5.1/pico-sdk/src/rp2_common/hardware_sync/sync.c.obj
                0x10000e1c                spin_lock_claim_unused
 .text.timer_pool_entry_comparator
                0x10000e3c       0x34 CMakeFiles/fable_navigation_bridge.dir/C_/Program_Files/Raspberry_Pi/Pico_SDK_v1.5.1/pico-sdk/src/common/pico_time/time.c.obj
                0x10000e3c                timer_pool_entry_comparator
 .text.sleep_until_callback
                0x10000e70       0x30 CMakeFiles/fable_navigation_bridge.dir/C_/Program_Files/Raspberry_Pi/Pico_SDK_v1.5.1/pico-sdk/src/common/pico_time/time.c.obj
 .text.add_alarm_under_lock.isra.0
                0x10000ea0      0x100 CMakeFiles/fable_navigation_bridge.dir/C_/Program_Files/Raspberry_Pi/Pico_SDK_v1.5.1/pico-sdk/src/common/pico_time/time.c.obj
 .text.alarm_pool_alarm_callback
                0x10000fa0      0x1bc CMakeFiles/fable_navigation_bridge.dir/C_/Program_Files/Raspberry_Pi/Pico_SDK_v1.5.1/pico-sdk/src/common/pico_time/time.c.obj
 .text.alarm_pool_init_default
                0x1000115c       0x6c CMakeFiles/fable_navigation_bridge.dir/C_/Program_Files/Raspberry_Pi/Pico_SDK_v1.5.1/pico-sdk/src/common/pico_time/time.c.obj
                0x1000115c                alarm_pool_init_default
 .text.alarm_pool_get_default
                0x100011c8        0x8 CMakeFiles/fable_navigation_bridge.dir/C_/Program_Files/Raspberry_Pi/Pico_SDK_v1.5.1/pico-sdk/src/common/pico_time/time.c.obj
                0x100011c8                alarm_pool_get_default
 .text.alarm_pool_add_alarm_at
                0x100011d0      0x178 CMakeFiles/fable_navigation_bridge.dir/C_/Program_Files/Raspberry_Pi/Pico_SDK_v1.5.1/pico-sdk/src/common/pico_time/time.c.obj
                0x100011d0                alarm_pool_add_alarm_at
 .text.alarm_pool_core_num
                0x10001348        0x4 CMakeFiles/fable_navigation_bridge.dir/C_/Program_Files/Raspberry_Pi/Pico_SDK_v1.5.1/pico-sdk/src/common/pico_time/time.c.obj
                0x10001348                alarm_pool_core_num
 .text.sleep_until
                0x1000134c       0xc4 CMakeFiles/fable_navigation_bridge.dir/C_/Program_Files/Raspberry_Pi/Pico_SDK_v1.5.1/pico-sdk/src/common/pico_time/time.c.obj
                0x1000134c                sleep_until
 .text.sleep_ms
                0x10001410       0x34 CMakeFiles/fable_navigation_bridge.dir/C_/Program_Files/Raspberry_Pi/Pico_SDK_v1.5.1/pico-sdk/src/common/pico_time/time.c.obj
                0x10001410                sleep_ms
 .text.best_effort_wfe_or_timeout
                0x10001444       0xd4 CMakeFiles/fable_navigation_bridge.dir/C_/Program_Files/Raspberry_Pi/Pico_SDK_v1.5.1/pico-sdk/src/common/pico_time/time.c.obj
                0x10001444                best_effort_wfe_or_timeout
 .text.hardware_alarm_irq_handler
                0x10001518       0xbc CMakeFiles/fable_navigation_bridge.dir/C_/Program_Files/Raspberry_Pi/Pico_SDK_v1.5.1/pico-sdk/src/rp2_common/hardware_timer/timer.c.obj
 .text.hardware_alarm_claim
                0x100015d4       0x18 CMakeFiles/fable_navigation_bridge.dir/C_/Program_Files/Raspberry_Pi/Pico_SDK_v1.5.1/pico-sdk/src/rp2_common/hardware_timer/timer.c.obj
                0x100015d4                hardware_alarm_claim
 .text.time_us_64
                0x100015ec       0x14 CMakeFiles/fable_navigation_bridge.dir/C_/Program_Files/Raspberry_Pi/Pico_SDK_v1.5.1/pico-sdk/src/rp2_common/hardware_timer/timer.c.obj
                0x100015ec                time_us_64
 .text.busy_wait_us_32
                0x10001600       0x68 CMakeFiles/fable_navigation_bridge.dir/C_/Program_Files/Raspberry_Pi/Pico_SDK_v1.5.1/pico-sdk/src/rp2_common/hardware_timer/timer.c.obj
                0x10001600                busy_wait_us_32
 .text.busy_wait_us
                0x10001668       0x54 CMakeFiles/fable_navigation_bridge.dir/C_/Program_Files/Raspberry_Pi/Pico_SDK_v1.5.1/pico-sdk/src/rp2_common/hardware_timer/timer.c.obj
                0x10001668                busy_wait_us
 .text.busy_wait_until
                0x100016bc       0x20 CMakeFiles/fable_navigation_bridge.dir/C_/Program_Files/Raspberry_Pi/Pico_SDK_v1.5.1/pico-sdk/src/rp2_common/hardware_timer/timer.c.obj
                0x100016bc                busy_wait_until
 .text.hardware_alarm_set_callback
                0x100016dc       0x8c CMakeFiles/fable_navigation_bridge.dir/C_/Program_Files/Raspberry_Pi/Pico_SDK_v1.5.1/pico-sdk/src/rp2_common/hardware_timer/timer.c.obj
                0x100016dc                hardware_alarm_set_callback
 .text.hardware_alarm_set_target
                0x10001768       0xd4 CMakeFiles/fable_navigation_bridge.dir/C_/Program_Files/Raspberry_Pi/Pico_SDK_v1.5.1/pico-sdk/src/rp2_common/hardware_timer/timer.c.obj
                0x10001768                hardware_alarm_set_target
 .text.hardware_alarm_cancel
                0x1000183c       0x3c CMakeFiles/fable_navigation_bridge.dir/C_/Program_Files/Raspberry_Pi/Pico_SDK_v1.5.1/pico-sdk/src/rp2_common/hardware_timer/timer.c.obj
                0x1000183c                hardware_alarm_cancel
 .text.irq_set_enabled
                0x10001878       0x24 CMakeFiles/fable_navigation_bridge.dir/C_/Program_Files/Raspberry_Pi/Pico_SDK_v1.5.1/pico-sdk/src/rp2_common/hardware_irq/irq.c.obj
                0x10001878                irq_set_enabled
 .text.irq_is_enabled
                0x1000189c       0x18 CMakeFiles/fable_navigation_bridge.dir/C_/Program_Files/Raspberry_Pi/Pico_SDK_v1.5.1/pico-sdk/src/rp2_common/hardware_irq/irq.c.obj
                0x1000189c                irq_is_enabled
 .text.irq_set_pending
                0x100018b4       0x10 CMakeFiles/fable_navigation_bridge.dir/C_/Program_Files/Raspberry_Pi/Pico_SDK_v1.5.1/pico-sdk/src/rp2_common/hardware_irq/irq.c.obj
                0x100018b4                irq_set_pending
 .text.irq_has_shared_handler
                0x100018c4       0x2c CMakeFiles/fable_navigation_bridge.dir/C_/Program_Files/Raspberry_Pi/Pico_SDK_v1.5.1/pico-sdk/src/rp2_common/hardware_irq/irq.c.obj
                0x100018c4                irq_has_shared_handler
 .text.irq_get_vtable_handler
                0x100018f0       0x10 CMakeFiles/fable_navigation_bridge.dir/C_/Program_Files/Raspberry_Pi/Pico_SDK_v1.5.1/pico-sdk/src/rp2_common/hardware_irq/irq.c.obj
                0x100018f0                irq_get_vtable_handler
 .text.irq_set_exclusive_handler
                0x10001900       0x54 CMakeFiles/fable_navigation_bridge.dir/C_/Program_Files/Raspberry_Pi/Pico_SDK_v1.5.1/pico-sdk/src/rp2_common/hardware_irq/irq.c.obj
                0x10001900                irq_set_exclusive_handler
 .text.irq_add_shared_handler
                0x10001954      0x1e8 CMakeFiles/fable_navigation_bridge.dir/C_/Program_Files/Raspberry_Pi/Pico_SDK_v1.5.1/pico-sdk/src/rp2_common/hardware_irq/irq.c.obj
                0x10001954                irq_add_shared_handler
 .text.irq_remove_handler
                0x10001b3c      0x1b0 CMakeFiles/fable_navigation_bridge.dir/C_/Program_Files/Raspberry_Pi/Pico_SDK_v1.5.1/pico-sdk/src/rp2_common/hardware_irq/irq.c.obj
                0x10001b3c                irq_remove_handler
 .text.irq_add_tail_to_free_list
                0x10001cec       0xb4 CMakeFiles/fable_navigation_bridge.dir/C_/Program_Files/Raspberry_Pi/Pico_SDK_v1.5.1/pico-sdk/src/rp2_common/hardware_irq/irq.c.obj
                0x10001cec                irq_add_tail_to_free_list
 .text.irq_init_priorities
                0x10001da0       0x24 CMakeFiles/fable_navigation_bridge.dir/C_/Program_Files/Raspberry_Pi/Pico_SDK_v1.5.1/pico-sdk/src/rp2_common/hardware_irq/irq.c.obj
                0x10001da0                irq_init_priorities
 .text.user_irq_claim_unused
                0x10001dc4       0x28 CMakeFiles/fable_navigation_bridge.dir/C_/Program_Files/Raspberry_Pi/Pico_SDK_v1.5.1/pico-sdk/src/rp2_common/hardware_irq/irq.c.obj
                0x10001dc4                user_irq_claim_unused
 .text.lock_init
                0x10001dec       0x10 CMakeFiles/fable_navigation_bridge.dir/C_/Program_Files/Raspberry_Pi/Pico_SDK_v1.5.1/pico-sdk/src/common/pico_sync/lock_core.c.obj
                0x10001dec                lock_init
 .text.mutex_init
                0x10001dfc       0x1c CMakeFiles/fable_navigation_bridge.dir/C_/Program_Files/Raspberry_Pi/Pico_SDK_v1.5.1/pico-sdk/src/common/pico_sync/mutex.c.obj
                0x10001dfc                mutex_init
 .text.recursive_mutex_init
                0x10001e18       0x1c CMakeFiles/fable_navigation_bridge.dir/C_/Program_Files/Raspberry_Pi/Pico_SDK_v1.5.1/pico-sdk/src/common/pico_sync/mutex.c.obj
                0x10001e18                recursive_mutex_init
 .text.critical_section_init
                0x10001e34       0x20 CMakeFiles/fable_navigation_bridge.dir/C_/Program_Files/Raspberry_Pi/Pico_SDK_v1.5.1/pico-sdk/src/common/pico_sync/critical_section.c.obj
                0x10001e34                critical_section_init
 .text.critical_section_init_with_lock_num
                0x10001e54       0x14 CMakeFiles/fable_navigation_bridge.dir/C_/Program_Files/Raspberry_Pi/Pico_SDK_v1.5.1/pico-sdk/src/common/pico_sync/critical_section.c.obj
                0x10001e54                critical_section_init_with_lock_num
 .text.ph_merge_nodes
                0x10001e68       0x68 CMakeFiles/fable_navigation_bridge.dir/C_/Program_Files/Raspberry_Pi/Pico_SDK_v1.5.1/pico-sdk/src/common/pico_util/pheap.c.obj
 .text.ph_post_alloc_init
                0x10001ed0       0x3c CMakeFiles/fable_navigation_bridge.dir/C_/Program_Files/Raspberry_Pi/Pico_SDK_v1.5.1/pico-sdk/src/common/pico_util/pheap.c.obj
                0x10001ed0                ph_post_alloc_init
 .text.ph_merge_two_pass
                0x10001f0c       0x90 CMakeFiles/fable_navigation_bridge.dir/C_/Program_Files/Raspberry_Pi/Pico_SDK_v1.5.1/pico-sdk/src/common/pico_util/pheap.c.obj
                0x10001f0c                ph_merge_two_pass
 .text.ph_remove_any_head
                0x10001f9c      0x100 CMakeFiles/fable_navigation_bridge.dir/C_/Program_Files/Raspberry_Pi/Pico_SDK_v1.5.1/pico-sdk/src/common/pico_util/pheap.c.obj
 .text.ph_remove_head
                0x1000209c      0x104 CMakeFiles/fable_navigation_bridge.dir/C_/Program_Files/Raspberry_Pi/Pico_SDK_v1.5.1/pico-sdk/src/common/pico_util/pheap.c.obj
                0x1000209c                ph_remove_head
 .text.ph_remove_and_free_node
                0x100021a0       0x7c CMakeFiles/fable_navigation_bridge.dir/C_/Program_Files/Raspberry_Pi/Pico_SDK_v1.5.1/pico-sdk/src/common/pico_util/pheap.c.obj
                0x100021a0                ph_remove_and_free_node
 .text.clocks_init
                0x1000221c      0x2d0 CMakeFiles/fable_navigation_bridge.dir/C_/Program_Files/Raspberry_Pi/Pico_SDK_v1.5.1/pico-sdk/src/rp2_common/hardware_clocks/clocks.c.obj
                0x1000221c                clocks_init
 .text.clock_get_hz
                0x100024ec        0xc CMakeFiles/fable_navigation_bridge.dir/C_/Program_Files/Raspberry_Pi/Pico_SDK_v1.5.1/pico-sdk/src/rp2_common/hardware_clocks/clocks.c.obj
                0x100024ec                clock_get_hz
 .text.gpio_set_function
                0x100024f8       0x30 CMakeFiles/fable_navigation_bridge.dir/C_/Program_Files/Raspberry_Pi/Pico_SDK_v1.5.1/pico-sdk/src/rp2_common/hardware_gpio/gpio.c.obj
                0x100024f8                gpio_set_function
 .text.gpio_set_pulls
                0x10002528       0x30 CMakeFiles/fable_navigation_bridge.dir/C_/Program_Files/Raspberry_Pi/Pico_SDK_v1.5.1/pico-sdk/src/rp2_common/hardware_gpio/gpio.c.obj
                0x10002528                gpio_set_pulls
 .text.gpio_init
                0x10002558       0x3c CMakeFiles/fable_navigation_bridge.dir/C_/Program_Files/Raspberry_Pi/Pico_SDK_v1.5.1/pico-sdk/src/rp2_common/hardware_gpio/gpio.c.obj
                0x10002558                gpio_init
 .text.pll_init
                0x10002594       0xa0 CMakeFiles/fable_navigation_bridge.dir/C_/Program_Files/Raspberry_Pi/Pico_SDK_v1.5.1/pico-sdk/src/rp2_common/hardware_pll/pll.c.obj
                0x10002594                pll_init
 .text.watchdog_start_tick
                0x10002634       0x10 CMakeFiles/fable_navigation_bridge.dir/C_/Program_Files/Raspberry_Pi/Pico_SDK_v1.5.1/pico-sdk/src/rp2_common/hardware_watchdog/watchdog.c.obj
                0x10002634                watchdog_start_tick
 .text.watchdog_reboot
                0x10002644       0x98 CMakeFiles/fable_navigation_bridge.dir/C_/Program_Files/Raspberry_Pi/Pico_SDK_v1.5.1/pico-sdk/src/rp2_common/hardware_watchdog/watchdog.c.obj
                0x10002644                watchdog_reboot
 .text.xosc_init
                0x100026dc       0x28 CMakeFiles/fable_navigation_bridge.dir/C_/Program_Files/Raspberry_Pi/Pico_SDK_v1.5.1/pico-sdk/src/rp2_common/hardware_xosc/xosc.c.obj
                0x100026dc                xosc_init
 .text.uart_init
                0x10002704      0x188 CMakeFiles/fable_navigation_bridge.dir/C_/Program_Files/Raspberry_Pi/Pico_SDK_v1.5.1/pico-sdk/src/rp2_common/hardware_uart/uart.c.obj
                0x10002704                uart_init
 .text.uart_set_format
                0x1000288c       0x7c CMakeFiles/fable_navigation_bridge.dir/C_/Program_Files/Raspberry_Pi/Pico_SDK_v1.5.1/pico-sdk/src/rp2_common/hardware_uart/uart.c.obj
                0x1000288c                uart_set_format
 .text.uart_set_fifo_enabled
                0x10002908       0x64 CMakeFiles/fable_navigation_bridge.dir/C_/Program_Files/Raspberry_Pi/Pico_SDK_v1.5.1/pico-sdk/src/rp2_common/hardware_uart/uart.c.obj
                0x10002908                uart_set_fifo_enabled
 .text.i2c_slave_init
                0x1000296c       0x48 CMakeFiles/fable_navigation_bridge.dir/C_/Program_Files/Raspberry_Pi/Pico_SDK_v1.5.1/pico-sdk/src/rp2_common/pico_i2c_slave/i2c_slave.c.obj
                0x1000296c                i2c_slave_init
 .text.core1_trampoline
                0x100029b4        0x4 CMakeFiles/fable_navigation_bridge.dir/C_/Program_Files/Raspberry_Pi/Pico_SDK_v1.5.1/pico-sdk/src/rp2_common/pico_multicore/multicore.c.obj
 .text.core1_wrapper
                0x100029b8        0xc CMakeFiles/fable_navigation_bridge.dir/C_/Program_Files/Raspberry_Pi/Pico_SDK_v1.5.1/pico-sdk/src/rp2_common/pico_multicore/multicore.c.obj
                0x100029b8                core1_wrapper
 .text.multicore_launch_core1_raw
                0x100029c4       0x84 CMakeFiles/fable_navigation_bridge.dir/C_/Program_Files/Raspberry_Pi/Pico_SDK_v1.5.1/pico-sdk/src/rp2_common/pico_multicore/multicore.c.obj
                0x100029c4                multicore_launch_core1_raw
 .text.multicore_launch_core1
                0x10002a48       0x4c CMakeFiles/fable_navigation_bridge.dir/C_/Program_Files/Raspberry_Pi/Pico_SDK_v1.5.1/pico-sdk/src/rp2_common/pico_multicore/multicore.c.obj
                0x10002a48                multicore_launch_core1
 .text.runtime_init
                0x10002a94       0xf0 CMakeFiles/fable_navigation_bridge.dir/C_/Program_Files/Raspberry_Pi/Pico_SDK_v1.5.1/pico-sdk/src/rp2_common/pico_runtime/runtime.c.obj
                0x10002a94                runtime_init
 .text._exit    0x10002b84        0x4 CMakeFiles/fable_navigation_bridge.dir/C_/Program_Files/Raspberry_Pi/Pico_SDK_v1.5.1/pico-sdk/src/rp2_common/pico_runtime/runtime.c.obj
                0x10002b84                _exit
 .text.exit     0x10002b88        0x8 CMakeFiles/fable_navigation_bridge.dir/C_/Program_Files/Raspberry_Pi/Pico_SDK_v1.5.1/pico-sdk/src/rp2_common/pico_runtime/runtime.c.obj
                0x10002b88                exit
 .text.panic    0x10002b90       0x30 CMakeFiles/fable_navigation_bridge.dir/C_/Program_Files/Raspberry_Pi/Pico_SDK_v1.5.1/pico-sdk/src/rp2_common/pico_runtime/runtime.c.obj
                0x10002b90                panic
 .text.hard_assertion_failure
                0x10002bc0        0xc CMakeFiles/fable_navigation_bridge.dir/C_/Program_Files/Raspberry_Pi/Pico_SDK_v1.5.1/pico-sdk/src/rp2_common/pico_runtime/runtime.c.obj
                0x10002bc0                hard_assertion_failure
 .text._out_null
                0x10002bcc        0x4 CMakeFiles/fable_navigation_bridge.dir/C_/Program_Files/Raspberry_Pi/Pico_SDK_v1.5.1/pico-sdk/src/rp2_common/pico_printf/printf.c.obj
 .text._out_rev
                0x10002bd0       0x9c CMakeFiles/fable_navigation_bridge.dir/C_/Program_Files/Raspberry_Pi/Pico_SDK_v1.5.1/pico-sdk/src/rp2_common/pico_printf/printf.c.obj
 .text._ntoa_format
                0x10002c6c      0x1cc CMakeFiles/fable_navigation_bridge.dir/C_/Program_Files/Raspberry_Pi/Pico_SDK_v1.5.1/pico-sdk/src/rp2_common/pico_printf/printf.c.obj
 .text._out_char
                0x10002e38       0x10 CMakeFiles/fable_navigation_bridge.dir/C_/Program_Files/Raspberry_Pi/Pico_SDK_v1.5.1/pico-sdk/src/rp2_common/pico_printf/printf.c.obj
 .text._out_fct
                0x10002e48       0x10 CMakeFiles/fable_navigation_bridge.dir/C_/Program_Files/Raspberry_Pi/Pico_SDK_v1.5.1/pico-sdk/src/rp2_common/pico_printf/printf.c.obj
 .text._etoa    0x10002e58      0x44c CMakeFiles/fable_navigation_bridge.dir/C_/Program_Files/Raspberry_Pi/Pico_SDK_v1.5.1/pico-sdk/src/rp2_common/pico_printf/printf.c.obj
 .text._ftoa    0x100032a4      0x398 CMakeFiles/fable_navigation_bridge.dir/C_/Program_Files/Raspberry_Pi/Pico_SDK_v1.5.1/pico-sdk/src/rp2_common/pico_printf/printf.c.obj
 .text._vsnprintf
                0x1000363c      0xb04 CMakeFiles/fable_navigation_bridge.dir/C_/Program_Files/Raspberry_Pi/Pico_SDK_v1.5.1/pico-sdk/src/rp2_common/pico_printf/printf.c.obj
 .text.vfctprintf
                0x10004140       0x20 CMakeFiles/fable_navigation_bridge.dir/C_/Program_Files/Raspberry_Pi/Pico_SDK_v1.5.1/pico-sdk/src/rp2_common/pico_printf/printf.c.obj
                0x10004140                vfctprintf
 .text.weak_raw_vprintf
                0x10004160       0x30 CMakeFiles/fable_navigation_bridge.dir/C_/Program_Files/Raspberry_Pi/Pico_SDK_v1.5.1/pico-sdk/src/rp2_common/pico_printf/printf.c.obj
                0x10004160                weak_raw_vprintf
 .text          0x10004190       0x10 CMakeFiles/fable_navigation_bridge.dir/C_/Program_Files/Raspberry_Pi/Pico_SDK_v1.5.1/pico-sdk/src/rp2_common/pico_bit_ops/bit_ops_aeabi.S.obj
 .text.rom_func_lookup
                0x100041a0       0x10 CMakeFiles/fable_navigation_bridge.dir/C_/Program_Files/Raspberry_Pi/Pico_SDK_v1.5.1/pico-sdk/src/rp2_common/pico_bootrom/bootrom.c.obj
                0x100041a0                rom_func_lookup
 .text.rom_data_lookup
                0x100041b0       0x10 CMakeFiles/fable_navigation_bridge.dir/C_/Program_Files/Raspberry_Pi/Pico_SDK_v1.5.1/pico-sdk/src/rp2_common/pico_bootrom/bootrom.c.obj
                0x100041b0                rom_data_lookup
 .text.rom_funcs_lookup
                0x100041c0       0x44 CMakeFiles/fable_navigation_bridge.dir/C_/Program_Files/Raspberry_Pi/Pico_SDK_v1.5.1/pico-sdk/src/rp2_common/pico_bootrom/bootrom.c.obj
                0x100041c0                rom_funcs_lookup
 .text.__wrap___aeabi_idiv
                0x10004204       0x50 CMakeFiles/fable_navigation_bridge.dir/C_/Program_Files/Raspberry_Pi/Pico_SDK_v1.5.1/pico-sdk/src/rp2_common/pico_divider/divider.S.obj
                0x10004204                __wrap___aeabi_idivmod
                0x10004204                divmod_s32s32
                0x10004204                div_s32s32
                0x10004204                __wrap___aeabi_idiv
                0x1000420c                divmod_s32s32_unsafe
                0x10004238                divmod_s32s32_savestate
 .text.__wrap___aeabi_uidiv
                0x10004254       0x4c CMakeFiles/fable_navigation_bridge.dir/C_/Program_Files/Raspberry_Pi/Pico_SDK_v1.5.1/pico-sdk/src/rp2_common/pico_divider/divider.S.obj
                0x10004254                __wrap___aeabi_uidiv
                0x10004254                __wrap___aeabi_uidivmod
                0x10004254                div_u32u32
                0x10004254                divmod_u32u32
                0x1000425c                divmod_u32u32_unsafe
                0x10004284                divmod_u32u32_savestate
 .text.__wrap___aeabi_ldiv
                0x100042a0      0x424 CMakeFiles/fable_navigation_bridge.dir/C_/Program_Files/Raspberry_Pi/Pico_SDK_v1.5.1/pico-sdk/src/rp2_common/pico_divider/divider.S.obj
                0x100042a0                div_s64s64
                0x100042a0                divmod_s64s64
                0x100042a0                __wrap___aeabi_ldivmod
                0x100042d0                divmod_u64u64
                0x100042d0                div_u64u64
                0x100042d0                __wrap___aeabi_uldivmod
                0x100042e0                divmod_u64u64_savestate
                0x10004300                divmod_s64s64_unsafe
                0x10004388                divmod_u64u64_unsafe
 .text.__wrap___aeabi_darithmetic
                0x100046c4       0x80 CMakeFiles/fable_navigation_bridge.dir/C_/Program_Files/Raspberry_Pi/Pico_SDK_v1.5.1/pico-sdk/src/rp2_common/pico_double/double_aeabi.S.obj
                0x100046c4                __wrap___aeabi_drsub
                0x100046ca                __wrap___aeabi_dsub
                0x100046dc                __wrap___aeabi_dadd
                0x100046ee                __wrap___aeabi_ddiv
                0x1000472a                __wrap___aeabi_dmul
 .text.__wrap___aeabi_cdcmple
                0x10004744       0x6c CMakeFiles/fable_navigation_bridge.dir/C_/Program_Files/Raspberry_Pi/Pico_SDK_v1.5.1/pico-sdk/src/rp2_common/pico_double/double_aeabi.S.obj
                0x10004744                __wrap___aeabi_cdrcmple
                0x10004754                __wrap___aeabi_cdcmpeq
                0x10004754                __wrap___aeabi_cdcmple
 .text.__wrap___aeabi_dcmplt
                0x100047b0        0xc CMakeFiles/fable_navigation_bridge.dir/C_/Program_Files/Raspberry_Pi/Pico_SDK_v1.5.1/pico-sdk/src/rp2_common/pico_double/double_aeabi.S.obj
                0x100047b0                __wrap___aeabi_dcmplt
 .text.__wrap___aeabi_dcmple
                0x100047bc       0x10 CMakeFiles/fable_navigation_bridge.dir/C_/Program_Files/Raspberry_Pi/Pico_SDK_v1.5.1/pico-sdk/src/rp2_common/pico_double/double_aeabi.S.obj
                0x100047bc                __wrap___aeabi_dcmple
 .text.__wrap___aeabi_dcmpge
                0x100047cc       0x10 CMakeFiles/fable_navigation_bridge.dir/C_/Program_Files/Raspberry_Pi/Pico_SDK_v1.5.1/pico-sdk/src/rp2_common/pico_double/double_aeabi.S.obj
                0x100047cc                __wrap___aeabi_dcmpge
 .text.__wrap___aeabi_dcmpgt
                0x100047dc        0xa CMakeFiles/fable_navigation_bridge.dir/C_/Program_Files/Raspberry_Pi/Pico_SDK_v1.5.1/pico-sdk/src/rp2_common/pico_double/double_aeabi.S.obj
                0x100047dc                __wrap___aeabi_dcmpgt
 .text.__wrap___aeabi_dcmpun
                0x100047e6       0x1c CMakeFiles/fable_navigation_bridge.dir/C_/Program_Files/Raspberry_Pi/Pico_SDK_v1.5.1/pico-sdk/src/rp2_common/pico_double/double_aeabi.S.obj
                0x100047e6                __wrap___aeabi_dcmpun
 *fill*         0x10004802        0x2 
 .text.__wrap___aeabi_i2d
                0x10004804       0x38 CMakeFiles/fable_navigation_bridge.dir/C_/Program_Files/Raspberry_Pi/Pico_SDK_v1.5.1/pico-sdk/src/rp2_common/pico_double/double_aeabi.S.obj
                0x10004804                __wrap___aeabi_ui2d
                0x1000480c                __wrap___aeabi_i2d
 .text.__wrap___aeabi_d2iz
                0x1000483c       0x48 CMakeFiles/fable_navigation_bridge.dir/C_/Program_Files/Raspberry_Pi/Pico_SDK_v1.5.1/pico-sdk/src/rp2_common/pico_double/double_aeabi.S.obj
                0x1000483c                double2int_z
                0x1000483c                __wrap___aeabi_d2iz
 .text.__wrap___aeabi_d2uiz
                0x10004884       0x18 CMakeFiles/fable_navigation_bridge.dir/C_/Program_Files/Raspberry_Pi/Pico_SDK_v1.5.1/pico-sdk/src/rp2_common/pico_double/double_aeabi.S.obj
                0x10004884                __wrap___aeabi_d2uiz
                0x10004884                double2uint
 .text.__aeabi_double_init
                0x1000489c       0x94 CMakeFiles/fable_navigation_bridge.dir/C_/Program_Files/Raspberry_Pi/Pico_SDK_v1.5.1/pico-sdk/src/rp2_common/pico_double/double_init_rom.c.obj
                0x1000489c                __aeabi_double_init
 .text.double_table_shim_on_use_helper
                0x10004930       0x2c CMakeFiles/fable_navigation_bridge.dir/C_/Program_Files/Raspberry_Pi/Pico_SDK_v1.5.1/pico-sdk/src/rp2_common/pico_double/double_v1_rom_shim.S.obj
                0x10004930                double_table_shim_on_use_helper
 .text.__wrap___aeabi_dsub
                0x1000495c       0x10 CMakeFiles/fable_navigation_bridge.dir/C_/Program_Files/Raspberry_Pi/Pico_SDK_v1.5.1/pico-sdk/src/rp2_common/pico_double/double_v1_rom_shim.S.obj
                0x1000495c                drsub_shim
                0x10004962                dsub_shim
 .text.dadd_shim
                0x1000496c      0x15c CMakeFiles/fable_navigation_bridge.dir/C_/Program_Files/Raspberry_Pi/Pico_SDK_v1.5.1/pico-sdk/src/rp2_common/pico_double/double_v1_rom_shim.S.obj
                0x1000496c                dadd_shim
 .text.dmul_shim
                0x10004ac8      0x15c CMakeFiles/fable_navigation_bridge.dir/C_/Program_Files/Raspberry_Pi/Pico_SDK_v1.5.1/pico-sdk/src/rp2_common/pico_double/double_v1_rom_shim.S.obj
                0x10004ac8                dmul_shim
 .text.ddiv_shim
                0x10004c24      0x1b0 CMakeFiles/fable_navigation_bridge.dir/C_/Program_Files/Raspberry_Pi/Pico_SDK_v1.5.1/pico-sdk/src/rp2_common/pico_double/double_v1_rom_shim.S.obj
                0x10004c24                ddiv_shim
 .text.double2uint_shim
                0x10004dd4        0xe CMakeFiles/fable_navigation_bridge.dir/C_/Program_Files/Raspberry_Pi/Pico_SDK_v1.5.1/pico-sdk/src/rp2_common/pico_double/double_v1_rom_shim.S.obj
                0x10004dd4                double2uint_shim
                0x10004dd6                double2ufix_shim
 *fill*         0x10004de2        0x2 
 .text.double2uint64_shim
                0x10004de4       0x70 CMakeFiles/fable_navigation_bridge.dir/C_/Program_Files/Raspberry_Pi/Pico_SDK_v1.5.1/pico-sdk/src/rp2_common/pico_double/double_v1_rom_shim.S.obj
                0x10004de4                double2uint64_shim
                0x10004de6                double2ufix64_shim
                0x10004e06                d2fix_a
 .text.dunpacks
                0x10004e54       0x3c CMakeFiles/fable_navigation_bridge.dir/C_/Program_Files/Raspberry_Pi/Pico_SDK_v1.5.1/pico-sdk/src/rp2_common/pico_double/double_v1_rom_shim.S.obj
                0x10004e54                dunpacks
 .text.__aeabi_lmul
                0x10004e90       0x32 CMakeFiles/fable_navigation_bridge.dir/C_/Program_Files/Raspberry_Pi/Pico_SDK_v1.5.1/pico-sdk/src/rp2_common/pico_int64_ops/pico_int64_ops_aeabi.S.obj
                0x10004e90                __wrap___aeabi_lmul
 *fill*         0x10004ec2        0x2 
 .text.__aeabi_float_init
                0x10004ec4       0x64 CMakeFiles/fable_navigation_bridge.dir/C_/Program_Files/Raspberry_Pi/Pico_SDK_v1.5.1/pico-sdk/src/rp2_common/pico_float/float_init_rom.c.obj
                0x10004ec4                __aeabi_float_init
 .text.float_table_shim_on_use_helper
                0x10004f28       0x2c CMakeFiles/fable_navigation_bridge.dir/C_/Program_Files/Raspberry_Pi/Pico_SDK_v1.5.1/pico-sdk/src/rp2_common/pico_float/float_v1_rom_shim.S.obj
                0x10004f28                float_table_shim_on_use_helper
 .text          0x10004f54       0x10 CMakeFiles/fable_navigation_bridge.dir/C_/Program_Files/Raspberry_Pi/Pico_SDK_v1.5.1/pico-sdk/src/rp2_common/pico_mem_ops/mem_ops_aeabi.S.obj
                0x10004f54                __aeabi_mem_init
 .text.memset   0x10004f64        0xc CMakeFiles/fable_navigation_bridge.dir/C_/Program_Files/Raspberry_Pi/Pico_SDK_v1.5.1/pico-sdk/src/rp2_common/pico_mem_ops/mem_ops_aeabi.S.obj
                0x10004f64                __wrap_memset
 .text.memcpy   0x10004f70        0xc CMakeFiles/fable_navigation_bridge.dir/C_/Program_Files/Raspberry_Pi/Pico_SDK_v1.5.1/pico-sdk/src/rp2_common/pico_mem_ops/mem_ops_aeabi.S.obj
                0x10004f70                __wrap_memcpy
                0x10004f70                __wrap___aeabi_memcpy
 .text.stdio_out_chars_no_crlf
                0x10004f7c       0x10 CMakeFiles/fable_navigation_bridge.dir/C_/Program_Files/Raspberry_Pi/Pico_SDK_v1.5.1/pico-sdk/src/rp2_common/pico_stdio/stdio.c.obj
 .text.stdio_out_chars_crlf
                0x10004f8c       0xb4 CMakeFiles/fable_navigation_bridge.dir/C_/Program_Files/Raspberry_Pi/Pico_SDK_v1.5.1/pico-sdk/src/rp2_common/pico_stdio/stdio.c.obj
 .text.stdio_buffered_printer
                0x10005040       0x64 CMakeFiles/fable_navigation_bridge.dir/C_/Program_Files/Raspberry_Pi/Pico_SDK_v1.5.1/pico-sdk/src/rp2_common/pico_stdio/stdio.c.obj
 .text.stdio_put_string.isra.0
                0x100050a4       0xfc CMakeFiles/fable_navigation_bridge.dir/C_/Program_Files/Raspberry_Pi/Pico_SDK_v1.5.1/pico-sdk/src/rp2_common/pico_stdio/stdio.c.obj
 .text.__wrap_putchar
                0x100051a0       0x98 CMakeFiles/fable_navigation_bridge.dir/C_/Program_Files/Raspberry_Pi/Pico_SDK_v1.5.1/pico-sdk/src/rp2_common/pico_stdio/stdio.c.obj
                0x100051a0                __wrap_putchar
 .text.__wrap_puts
                0x10005238       0x3c CMakeFiles/fable_navigation_bridge.dir/C_/Program_Files/Raspberry_Pi/Pico_SDK_v1.5.1/pico-sdk/src/rp2_common/pico_stdio/stdio.c.obj
                0x10005238                __wrap_puts
 .text.stdio_set_driver_enabled
                0x10005274       0x30 CMakeFiles/fable_navigation_bridge.dir/C_/Program_Files/Raspberry_Pi/Pico_SDK_v1.5.1/pico-sdk/src/rp2_common/pico_stdio/stdio.c.obj
                0x10005274                stdio_set_driver_enabled
 .text.__wrap_vprintf
                0x100052a4       0xd8 CMakeFiles/fable_navigation_bridge.dir/C_/Program_Files/Raspberry_Pi/Pico_SDK_v1.5.1/pico-sdk/src/rp2_common/pico_stdio/stdio.c.obj
                0x100052a4                __wrap_vprintf
 .text.__wrap_printf
                0x1000537c       0x18 CMakeFiles/fable_navigation_bridge.dir/C_/Program_Files/Raspberry_Pi/Pico_SDK_v1.5.1/pico-sdk/src/rp2_common/pico_stdio/stdio.c.obj
                0x1000537c                __wrap_printf
 .text.stdio_init_all
                0x10005394        0x8 CMakeFiles/fable_navigation_bridge.dir/C_/Program_Files/Raspberry_Pi/Pico_SDK_v1.5.1/pico-sdk/src/rp2_common/pico_stdio/stdio.c.obj
                0x10005394                stdio_init_all
 .text.resetd_init
                0x1000539c        0x4 CMakeFiles/fable_navigation_bridge.dir/C_/Program_Files/Raspberry_Pi/Pico_SDK_v1.5.1/pico-sdk/src/rp2_common/pico_stdio_usb/reset_interface.c.obj
 .text.resetd_reset
                0x100053a0        0xc CMakeFiles/fable_navigation_bridge.dir/C_/Program_Files/Raspberry_Pi/Pico_SDK_v1.5.1/pico-sdk/src/rp2_common/pico_stdio_usb/reset_interface.c.obj
 .text.resetd_open
                0x100053ac       0x28 CMakeFiles/fable_navigation_bridge.dir/C_/Program_Files/Raspberry_Pi/Pico_SDK_v1.5.1/pico-sdk/src/rp2_common/pico_stdio_usb/reset_interface.c.obj
 .text.resetd_xfer_cb
                0x100053d4        0x4 CMakeFiles/fable_navigation_bridge.dir/C_/Program_Files/Raspberry_Pi/Pico_SDK_v1.5.1/pico-sdk/src/rp2_common/pico_stdio_usb/reset_interface.c.obj
 .text.resetd_control_xfer_cb
                0x100053d8       0x64 CMakeFiles/fable_navigation_bridge.dir/C_/Program_Files/Raspberry_Pi/Pico_SDK_v1.5.1/pico-sdk/src/rp2_common/pico_stdio_usb/reset_interface.c.obj
 .text.usbd_app_driver_get_cb
                0x1000543c        0xc CMakeFiles/fable_navigation_bridge.dir/C_/Program_Files/Raspberry_Pi/Pico_SDK_v1.5.1/pico-sdk/src/rp2_common/pico_stdio_usb/reset_interface.c.obj
                0x1000543c                usbd_app_driver_get_cb
 .text.tud_cdc_line_coding_cb
                0x10005448       0x34 CMakeFiles/fable_navigation_bridge.dir/C_/Program_Files/Raspberry_Pi/Pico_SDK_v1.5.1/pico-sdk/src/rp2_common/pico_stdio_usb/reset_interface.c.obj
                0x10005448                tud_cdc_line_coding_cb
 .text.stdio_usb_set_chars_available_callback
                0x1000547c       0x14 CMakeFiles/fable_navigation_bridge.dir/C_/Program_Files/Raspberry_Pi/Pico_SDK_v1.5.1/pico-sdk/src/rp2_common/pico_stdio_usb/stdio_usb.c.obj
                0x1000547c                stdio_usb_set_chars_available_callback
 .text.usb_irq  0x10005490       0x10 CMakeFiles/fable_navigation_bridge.dir/C_/Program_Files/Raspberry_Pi/Pico_SDK_v1.5.1/pico-sdk/src/rp2_common/pico_stdio_usb/stdio_usb.c.obj
 .text.timer_task
                0x100054a0       0x54 CMakeFiles/fable_navigation_bridge.dir/C_/Program_Files/Raspberry_Pi/Pico_SDK_v1.5.1/pico-sdk/src/rp2_common/pico_stdio_usb/stdio_usb.c.obj
 .text.stdio_usb_in_chars
                0x100054f4       0x90 CMakeFiles/fable_navigation_bridge.dir/C_/Program_Files/Raspberry_Pi/Pico_SDK_v1.5.1/pico-sdk/src/rp2_common/pico_stdio_usb/stdio_usb.c.obj
                0x100054f4                stdio_usb_in_chars
 .text.stdio_usb_out_chars
                0x10005584      0x100 CMakeFiles/fable_navigation_bridge.dir/C_/Program_Files/Raspberry_Pi/Pico_SDK_v1.5.1/pico-sdk/src/rp2_common/pico_stdio_usb/stdio_usb.c.obj
 .text.low_priority_worker_irq
                0x10005684       0xa8 CMakeFiles/fable_navigation_bridge.dir/C_/Program_Files/Raspberry_Pi/Pico_SDK_v1.5.1/pico-sdk/src/rp2_common/pico_stdio_usb/stdio_usb.c.obj
 .text.tud_cdc_rx_cb
                0x1000572c       0x20 CMakeFiles/fable_navigation_bridge.dir/C_/Program_Files/Raspberry_Pi/Pico_SDK_v1.5.1/pico-sdk/src/rp2_common/pico_stdio_usb/stdio_usb.c.obj
                0x1000572c                tud_cdc_rx_cb
 .text.stdio_usb_init
                0x1000574c       0xdc CMakeFiles/fable_navigation_bridge.dir/C_/Program_Files/Raspberry_Pi/Pico_SDK_v1.5.1/pico-sdk/src/rp2_common/pico_stdio_usb/stdio_usb.c.obj
                0x1000574c                stdio_usb_init
 .text.tud_descriptor_device_cb
                0x10005828        0x8 CMakeFiles/fable_navigation_bridge.dir/C_/Program_Files/Raspberry_Pi/Pico_SDK_v1.5.1/pico-sdk/src/rp2_common/pico_stdio_usb/stdio_usb_descriptors.c.obj
                0x10005828                tud_descriptor_device_cb
 .text.tud_descriptor_configuration_cb
                0x10005830        0x8 CMakeFiles/fable_navigation_bridge.dir/C_/Program_Files/Raspberry_Pi/Pico_SDK_v1.5.1/pico-sdk/src/rp2_common/pico_stdio_usb/stdio_usb_descriptors.c.obj
                0x10005830                tud_descriptor_configuration_cb
 .text.tud_descriptor_string_cb
                0x10005838       0x74 CMakeFiles/fable_navigation_bridge.dir/C_/Program_Files/Raspberry_Pi/Pico_SDK_v1.5.1/pico-sdk/src/rp2_common/pico_stdio_usb/stdio_usb_descriptors.c.obj
                0x10005838                tud_descriptor_string_cb
 .text.startup._retrieve_unique_id_on_boot
                0x100058ac       0x10 CMakeFiles/fable_navigation_bridge.dir/C_/Program_Files/Raspberry_Pi/Pico_SDK_v1.5.1/pico-sdk/src/rp2_common/pico_unique_id/unique_id.c.obj
 .text.pico_get_unique_board_id_string
                0x100058bc      0x1a8 CMakeFiles/fable_navigation_bridge.dir/C_/Program_Files/Raspberry_Pi/Pico_SDK_v1.5.1/pico-sdk/src/rp2_common/pico_unique_id/unique_id.c.obj
                0x100058bc                pico_get_unique_board_id_string
 .text.flash_get_unique_id
                0x10005a64       0x40 CMakeFiles/fable_navigation_bridge.dir/C_/Program_Files/Raspberry_Pi/Pico_SDK_v1.5.1/pico-sdk/src/rp2_common/hardware_flash/flash.c.obj
                0x10005a64                flash_get_unique_id
 .text.dcd_int_enable
                0x10005aa4        0xc CMakeFiles/fable_navigation_bridge.dir/C_/Program_Files/Raspberry_Pi/Pico_SDK_v1.5.1/pico-sdk/lib/tinyusb/src/portable/raspberrypi/rp2040/dcd_rp2040.c.obj
                0x10005aa4                dcd_int_enable
 .text.dcd_set_address
                0x10005ab0       0x14 CMakeFiles/fable_navigation_bridge.dir/C_/Program_Files/Raspberry_Pi/Pico_SDK_v1.5.1/pico-sdk/lib/tinyusb/src/portable/raspberrypi/rp2040/dcd_rp2040.c.obj
                0x10005ab0                dcd_set_address
 .text.dcd_connect
                0x10005ac4       0x10 CMakeFiles/fable_navigation_bridge.dir/C_/Program_Files/Raspberry_Pi/Pico_SDK_v1.5.1/pico-sdk/lib/tinyusb/src/portable/raspberrypi/rp2040/dcd_rp2040.c.obj
                0x10005ac4                dcd_connect
 .text.dcd_init
                0x10005ad4       0x98 CMakeFiles/fable_navigation_bridge.dir/C_/Program_Files/Raspberry_Pi/Pico_SDK_v1.5.1/pico-sdk/lib/tinyusb/src/portable/raspberrypi/rp2040/dcd_rp2040.c.obj
                0x10005ad4                dcd_init
 .text.dcd_edpt0_status_complete
                0x10005b6c       0x1c CMakeFiles/fable_navigation_bridge.dir/C_/Program_Files/Raspberry_Pi/Pico_SDK_v1.5.1/pico-sdk/lib/tinyusb/src/portable/raspberrypi/rp2040/dcd_rp2040.c.obj
                0x10005b6c                dcd_edpt0_status_complete
 .text.dcd_edpt_open
                0x10005b88      0x108 CMakeFiles/fable_navigation_bridge.dir/C_/Program_Files/Raspberry_Pi/Pico_SDK_v1.5.1/pico-sdk/lib/tinyusb/src/portable/raspberrypi/rp2040/dcd_rp2040.c.obj
                0x10005b88                dcd_edpt_open
 .text.dcd_edpt_close_all
                0x10005c90        0x8 CMakeFiles/fable_navigation_bridge.dir/C_/Program_Files/Raspberry_Pi/Pico_SDK_v1.5.1/pico-sdk/lib/tinyusb/src/portable/raspberrypi/rp2040/dcd_rp2040.c.obj
                0x10005c90                dcd_edpt_close_all
 .text.dcd_edpt_xfer
                0x10005c98       0x24 CMakeFiles/fable_navigation_bridge.dir/C_/Program_Files/Raspberry_Pi/Pico_SDK_v1.5.1/pico-sdk/lib/tinyusb/src/portable/raspberrypi/rp2040/dcd_rp2040.c.obj
                0x10005c98                dcd_edpt_xfer
 .text.dcd_edpt_stall
                0x10005cbc       0x38 CMakeFiles/fable_navigation_bridge.dir/C_/Program_Files/Raspberry_Pi/Pico_SDK_v1.5.1/pico-sdk/lib/tinyusb/src/portable/raspberrypi/rp2040/dcd_rp2040.c.obj
                0x10005cbc                dcd_edpt_stall
 .text.dcd_edpt_clear_stall
                0x10005cf4       0x30 CMakeFiles/fable_navigation_bridge.dir/C_/Program_Files/Raspberry_Pi/Pico_SDK_v1.5.1/pico-sdk/lib/tinyusb/src/portable/raspberrypi/rp2040/dcd_rp2040.c.obj
                0x10005cf4                dcd_edpt_clear_stall
 .text.rp2040_usb_init
                0x10005d24       0x4c CMakeFiles/fable_navigation_bridge.dir/C_/Program_Files/Raspberry_Pi/Pico_SDK_v1.5.1/pico-sdk/lib/tinyusb/src/portable/raspberrypi/rp2040/rp2040_usb.c.obj
                0x10005d24                rp2040_usb_init
 .text.hw_endpoint_xfer_start
                0x10005d70       0x50 CMakeFiles/fable_navigation_bridge.dir/C_/Program_Files/Raspberry_Pi/Pico_SDK_v1.5.1/pico-sdk/lib/tinyusb/src/portable/raspberrypi/rp2040/rp2040_usb.c.obj
                0x10005d70                hw_endpoint_xfer_start
 .text.tud_mounted
                0x10005dc0       0x10 CMakeFiles/fable_navigation_bridge.dir/C_/Program_Files/Raspberry_Pi/Pico_SDK_v1.5.1/pico-sdk/lib/tinyusb/src/device/usbd.c.obj
                0x10005dc0                tud_mounted
 .text.tud_suspended
                0x10005dd0       0x10 CMakeFiles/fable_navigation_bridge.dir/C_/Program_Files/Raspberry_Pi/Pico_SDK_v1.5.1/pico-sdk/lib/tinyusb/src/device/usbd.c.obj
                0x10005dd0                tud_suspended
 .text.tud_inited
                0x10005de0       0x14 CMakeFiles/fable_navigation_bridge.dir/C_/Program_Files/Raspberry_Pi/Pico_SDK_v1.5.1/pico-sdk/lib/tinyusb/src/device/usbd.c.obj
                0x10005de0                tud_inited
 .text.tud_init
                0x10005df4       0xe4 CMakeFiles/fable_navigation_bridge.dir/C_/Program_Files/Raspberry_Pi/Pico_SDK_v1.5.1/pico-sdk/lib/tinyusb/src/device/usbd.c.obj
                0x10005df4                tud_init
 .text.tud_task_ext
                0x10005ed8      0x854 CMakeFiles/fable_navigation_bridge.dir/C_/Program_Files/Raspberry_Pi/Pico_SDK_v1.5.1/pico-sdk/lib/tinyusb/src/device/usbd.c.obj
                0x10005ed8                tud_task_ext
 .text.usbd_open_edpt_pair
                0x1000672c       0x9c CMakeFiles/fable_navigation_bridge.dir/C_/Program_Files/Raspberry_Pi/Pico_SDK_v1.5.1/pico-sdk/lib/tinyusb/src/device/usbd.c.obj
                0x1000672c                usbd_open_edpt_pair
 .text.usbd_defer_func
                0x100067c8       0x48 CMakeFiles/fable_navigation_bridge.dir/C_/Program_Files/Raspberry_Pi/Pico_SDK_v1.5.1/pico-sdk/lib/tinyusb/src/device/usbd.c.obj
                0x100067c8                usbd_defer_func
 .text.usbd_edpt_open
                0x10006810       0x34 CMakeFiles/fable_navigation_bridge.dir/C_/Program_Files/Raspberry_Pi/Pico_SDK_v1.5.1/pico-sdk/lib/tinyusb/src/device/usbd.c.obj
                0x10006810                usbd_edpt_open
 .text.usbd_edpt_claim
                0x10006844       0x28 CMakeFiles/fable_navigation_bridge.dir/C_/Program_Files/Raspberry_Pi/Pico_SDK_v1.5.1/pico-sdk/lib/tinyusb/src/device/usbd.c.obj
                0x10006844                usbd_edpt_claim
 .text.usbd_edpt_release
                0x1000686c       0x28 CMakeFiles/fable_navigation_bridge.dir/C_/Program_Files/Raspberry_Pi/Pico_SDK_v1.5.1/pico-sdk/lib/tinyusb/src/device/usbd.c.obj
                0x1000686c                usbd_edpt_release
 .text.usbd_edpt_xfer
                0x10006894       0x4c CMakeFiles/fable_navigation_bridge.dir/C_/Program_Files/Raspberry_Pi/Pico_SDK_v1.5.1/pico-sdk/lib/tinyusb/src/device/usbd.c.obj
                0x10006894                usbd_edpt_xfer
 .text.tud_control_status
                0x100068e0       0x30 CMakeFiles/fable_navigation_bridge.dir/C_/Program_Files/Raspberry_Pi/Pico_SDK_v1.5.1/pico-sdk/lib/tinyusb/src/device/usbd_control.c.obj
                0x100068e0                tud_control_status
 .text.tud_control_xfer
                0x10006910       0xbc CMakeFiles/fable_navigation_bridge.dir/C_/Program_Files/Raspberry_Pi/Pico_SDK_v1.5.1/pico-sdk/lib/tinyusb/src/device/usbd_control.c.obj
                0x10006910                tud_control_xfer
 .text.usbd_control_reset
                0x100069cc       0x14 CMakeFiles/fable_navigation_bridge.dir/C_/Program_Files/Raspberry_Pi/Pico_SDK_v1.5.1/pico-sdk/lib/tinyusb/src/device/usbd_control.c.obj
                0x100069cc                usbd_control_reset
 .text.usbd_control_set_complete_callback
                0x100069e0        0xc CMakeFiles/fable_navigation_bridge.dir/C_/Program_Files/Raspberry_Pi/Pico_SDK_v1.5.1/pico-sdk/lib/tinyusb/src/device/usbd_control.c.obj
                0x100069e0                usbd_control_set_complete_callback
 .text.usbd_control_set_request
                0x100069ec       0x1c CMakeFiles/fable_navigation_bridge.dir/C_/Program_Files/Raspberry_Pi/Pico_SDK_v1.5.1/pico-sdk/lib/tinyusb/src/device/usbd_control.c.obj
                0x100069ec                usbd_control_set_request
 .text.usbd_control_xfer_cb
                0x10006a08       0xfc CMakeFiles/fable_navigation_bridge.dir/C_/Program_Files/Raspberry_Pi/Pico_SDK_v1.5.1/pico-sdk/lib/tinyusb/src/device/usbd_control.c.obj
                0x10006a08                usbd_control_xfer_cb
 .text.tud_cdc_n_connected
                0x10006b04       0x30 CMakeFiles/fable_navigation_bridge.dir/C_/Program_Files/Raspberry_Pi/Pico_SDK_v1.5.1/pico-sdk/lib/tinyusb/src/class/cdc/cdc_device.c.obj
                0x10006b04                tud_cdc_n_connected
 .text.tud_cdc_n_available
                0x10006b34       0x18 CMakeFiles/fable_navigation_bridge.dir/C_/Program_Files/Raspberry_Pi/Pico_SDK_v1.5.1/pico-sdk/lib/tinyusb/src/class/cdc/cdc_device.c.obj
                0x10006b34                tud_cdc_n_available
 .text.tud_cdc_n_read
                0x10006b4c       0x70 CMakeFiles/fable_navigation_bridge.dir/C_/Program_Files/Raspberry_Pi/Pico_SDK_v1.5.1/pico-sdk/lib/tinyusb/src/class/cdc/cdc_device.c.obj
                0x10006b4c                tud_cdc_n_read
 .text.tud_cdc_n_write_flush
                0x10006bbc       0x78 CMakeFiles/fable_navigation_bridge.dir/C_/Program_Files/Raspberry_Pi/Pico_SDK_v1.5.1/pico-sdk/lib/tinyusb/src/class/cdc/cdc_device.c.obj
                0x10006bbc                tud_cdc_n_write_flush
 .text.tud_cdc_n_write
                0x10006c34       0x34 CMakeFiles/fable_navigation_bridge.dir/C_/Program_Files/Raspberry_Pi/Pico_SDK_v1.5.1/pico-sdk/lib/tinyusb/src/class/cdc/cdc_device.c.obj
                0x10006c34                tud_cdc_n_write
 .text.tud_cdc_n_write_available
                0x10006c68       0x18 CMakeFiles/fable_navigation_bridge.dir/C_/Program_Files/Raspberry_Pi/Pico_SDK_v1.5.1/pico-sdk/lib/tinyusb/src/class/cdc/cdc_device.c.obj
                0x10006c68                tud_cdc_n_write_available
 .text.cdcd_init
                0x10006c80       0x7c CMakeFiles/fable_navigation_bridge.dir/C_/Program_Files/Raspberry_Pi/Pico_SDK_v1.5.1/pico-sdk/lib/tinyusb/src/class/cdc/cdc_device.c.obj
                0x10006c80                cdcd_init
 .text.cdcd_reset
                0x10006cfc       0x2c CMakeFiles/fable_navigation_bridge.dir/C_/Program_Files/Raspberry_Pi/Pico_SDK_v1.5.1/pico-sdk/lib/tinyusb/src/class/cdc/cdc_device.c.obj
                0x10006cfc                cdcd_reset
 .text.cdcd_open
                0x10006d28       0xe8 CMakeFiles/fable_navigation_bridge.dir/C_/Program_Files/Raspberry_Pi/Pico_SDK_v1.5.1/pico-sdk/lib/tinyusb/src/class/cdc/cdc_device.c.obj
                0x10006d28                cdcd_open
 .text.cdcd_control_xfer_cb
                0x10006e10       0xe4 CMakeFiles/fable_navigation_bridge.dir/C_/Program_Files/Raspberry_Pi/Pico_SDK_v1.5.1/pico-sdk/lib/tinyusb/src/class/cdc/cdc_device.c.obj
                0x10006e10                cdcd_control_xfer_cb
 .text.cdcd_xfer_cb
                0x10006ef4      0x148 CMakeFiles/fable_navigation_bridge.dir/C_/Program_Files/Raspberry_Pi/Pico_SDK_v1.5.1/pico-sdk/lib/tinyusb/src/class/cdc/cdc_device.c.obj
                0x10006ef4                cdcd_xfer_cb
 .text.tusb_init
                0x1000703c        0xc CMakeFiles/fable_navigation_bridge.dir/C_/Program_Files/Raspberry_Pi/Pico_SDK_v1.5.1/pico-sdk/lib/tinyusb/src/tusb.c.obj
                0x1000703c                tusb_init
 .text.tusb_inited
                0x10007048        0x8 CMakeFiles/fable_navigation_bridge.dir/C_/Program_Files/Raspberry_Pi/Pico_SDK_v1.5.1/pico-sdk/lib/tinyusb/src/tusb.c.obj
                0x10007048                tusb_inited
 .text.tu_edpt_claim
                0x10007050       0x50 CMakeFiles/fable_navigation_bridge.dir/C_/Program_Files/Raspberry_Pi/Pico_SDK_v1.5.1/pico-sdk/lib/tinyusb/src/tusb.c.obj
                0x10007050                tu_edpt_claim
 .text.tu_edpt_release
                0x100070a0       0x38 CMakeFiles/fable_navigation_bridge.dir/C_/Program_Files/Raspberry_Pi/Pico_SDK_v1.5.1/pico-sdk/lib/tinyusb/src/tusb.c.obj
                0x100070a0                tu_edpt_release
 .text.tu_edpt_validate
                0x100070d8       0x78 CMakeFiles/fable_navigation_bridge.dir/C_/Program_Files/Raspberry_Pi/Pico_SDK_v1.5.1/pico-sdk/lib/tinyusb/src/tusb.c.obj
                0x100070d8                tu_edpt_validate
 .text.tu_edpt_bind_driver
                0x10007150       0x34 CMakeFiles/fable_navigation_bridge.dir/C_/Program_Files/Raspberry_Pi/Pico_SDK_v1.5.1/pico-sdk/lib/tinyusb/src/tusb.c.obj
                0x10007150                tu_edpt_bind_driver
 .text.tu_fifo_config
                0x10007184       0x70 CMakeFiles/fable_navigation_bridge.dir/C_/Program_Files/Raspberry_Pi/Pico_SDK_v1.5.1/pico-sdk/lib/tinyusb/src/common/tusb_fifo.c.obj
                0x10007184                tu_fifo_config
 .text.tu_fifo_count
                0x100071f4       0x2c CMakeFiles/fable_navigation_bridge.dir/C_/Program_Files/Raspberry_Pi/Pico_SDK_v1.5.1/pico-sdk/lib/tinyusb/src/common/tusb_fifo.c.obj
                0x100071f4                tu_fifo_count
 .text.tu_fifo_empty
                0x10007220       0x10 CMakeFiles/fable_navigation_bridge.dir/C_/Program_Files/Raspberry_Pi/Pico_SDK_v1.5.1/pico-sdk/lib/tinyusb/src/common/tusb_fifo.c.obj
                0x10007220                tu_fifo_empty
 .text.tu_fifo_remaining
                0x10007230       0x2c CMakeFiles/fable_navigation_bridge.dir/C_/Program_Files/Raspberry_Pi/Pico_SDK_v1.5.1/pico-sdk/lib/tinyusb/src/common/tusb_fifo.c.obj
                0x10007230                tu_fifo_remaining
 .text.tu_fifo_read
                0x1000725c       0xa0 CMakeFiles/fable_navigation_bridge.dir/C_/Program_Files/Raspberry_Pi/Pico_SDK_v1.5.1/pico-sdk/lib/tinyusb/src/common/tusb_fifo.c.obj
                0x1000725c                tu_fifo_read
 .text.tu_fifo_read_n
                0x100072fc       0xec CMakeFiles/fable_navigation_bridge.dir/C_/Program_Files/Raspberry_Pi/Pico_SDK_v1.5.1/pico-sdk/lib/tinyusb/src/common/tusb_fifo.c.obj
                0x100072fc                tu_fifo_read_n
 .text.tu_fifo_write
                0x100073e8       0x88 CMakeFiles/fable_navigation_bridge.dir/C_/Program_Files/Raspberry_Pi/Pico_SDK_v1.5.1/pico-sdk/lib/tinyusb/src/common/tusb_fifo.c.obj
                0x100073e8                tu_fifo_write
 .text.tu_fifo_write_n
                0x10007470      0x168 CMakeFiles/fable_navigation_bridge.dir/C_/Program_Files/Raspberry_Pi/Pico_SDK_v1.5.1/pico-sdk/lib/tinyusb/src/common/tusb_fifo.c.obj
                0x10007470                tu_fifo_write_n
 .text.tu_fifo_clear
                0x100075d8       0x40 CMakeFiles/fable_navigation_bridge.dir/C_/Program_Files/Raspberry_Pi/Pico_SDK_v1.5.1/pico-sdk/lib/tinyusb/src/common/tusb_fifo.c.obj
                0x100075d8                tu_fifo_clear
 .text.tu_fifo_set_overwritable
                0x10007618       0x48 CMakeFiles/fable_navigation_bridge.dir/C_/Program_Files/Raspberry_Pi/Pico_SDK_v1.5.1/pico-sdk/lib/tinyusb/src/common/tusb_fifo.c.obj
                0x10007618                tu_fifo_set_overwritable
 .text.strlen   0x10007660       0x5c c:/progra~1/raspbe~1/picosd~1.1/gcc-ar~1/bin/../lib/gcc/arm-none-eabi/10.3.1/../../../../arm-none-eabi/lib/thumb/v6-m/nofp\libc.a(lib_a-strlen-stub.o)
                0x10007660                strlen
 *(.fini)
 .fini          0x100076bc        0x4 c:/progra~1/raspbe~1/picosd~1.1/gcc-ar~1/bin/../lib/gcc/arm-none-eabi/10.3.1/thumb/v6-m/nofp/crti.o
                0x100076bc                _fini
 .fini.__stub   0x100076c0       0xd0 linker stubs
 *crtbegin.o(.ctors)
 *crtbegin?.o(.ctors)
 *(EXCLUDE_FILE(*crtend.o *crtend?.o) .ctors)
 *(SORT_BY_NAME(.ctors.*))
 *(.ctors)
 *crtbegin.o(.dtors)
 *crtbegin?.o(.dtors)
 *(EXCLUDE_FILE(*crtend.o *crtend?.o) .dtors)
 *(SORT_BY_NAME(.dtors.*))
 *(.dtors)
 *(.eh_frame*)
 .eh_frame      0x10007790        0x0 c:/progra~1/raspbe~1/picosd~1.1/gcc-ar~1/bin/../lib/gcc/arm-none-eabi/10.3.1/thumb/v6-m/nofp/crtbegin.o
                0x10007790                . = ALIGN (0x4)

.glue_7         0x10007790        0x0
 .glue_7        0x10007790        0x0 linker stubs

.glue_7t        0x10007790        0x0
 .glue_7t       0x10007790        0x0 linker stubs

.vfp11_veneer   0x10007790        0x0
 .vfp11_veneer  0x10007790        0x0 linker stubs

.v4_bx          0x10007790        0x0
 .v4_bx         0x10007790        0x0 linker stubs

.iplt           0x10007790        0x0
 .iplt          0x10007790        0x0 c:/progra~1/raspbe~1/picosd~1.1/gcc-ar~1/bin/../lib/gcc/arm-none-eabi/10.3.1/thumb/v6-m/nofp/crtbegin.o

.rodata         0x10007790      0x5a4
 *(EXCLUDE_FILE(*libm.a: *libc.a:*lib_a-mem*.o *libgcc.a:) .rodata*)
 .rodata.main.str1.4
                0x10007790       0x73 CMakeFiles/fable_navigation_bridge.dir/main.c.obj
 *fill*         0x10007803        0x1 
 .rodata.SNAPSHOT_MAGIC
                0x10007804        0x4 CMakeFiles/fable_navigation_bridge.dir/main.c.obj
 .rodata.spin_lock_claim_unused.str1.4
                0x10007808       0x1b CMakeFiles/fable_navigation_bridge.dir/C_/Program_Files/Raspberry_Pi/Pico_SDK_v1.5.1/pico-sdk/src/rp2_common/hardware_sync/sync.c.obj
 *fill*         0x10007823        0x1 
 .rodata.hardware_alarm_claim.str1.4
                0x10007824       0x22 CMakeFiles/fable_navigation_bridge.dir/C_/Program_Files/Raspberry_Pi/Pico_SDK_v1.5.1/pico-sdk/src/rp2_common/hardware_timer/timer.c.obj
 *fill*         0x10007846        0x2 
 .rodata.user_irq_claim_unused.str1.4
                0x10007848       0x1b CMakeFiles/fable_navigation_bridge.dir/C_/Program_Files/Raspberry_Pi/Pico_SDK_v1.5.1/pico-sdk/src/rp2_common/hardware_irq/irq.c.obj
 *fill*         0x10007863        0x1 
 .rodata.panic.str1.4
                0x10007864       0x12 CMakeFiles/fable_navigation_bridge.dir/C_/Program_Files/Raspberry_Pi/Pico_SDK_v1.5.1/pico-sdk/src/rp2_common/pico_runtime/runtime.c.obj
 *fill*         0x10007876        0x2 
 .rodata.hard_assertion_failure.str1.4
                0x10007878        0xc CMakeFiles/fable_navigation_bridge.dir/C_/Program_Files/Raspberry_Pi/Pico_SDK_v1.5.1/pico-sdk/src/rp2_common/pico_runtime/runtime.c.obj
 .rodata._ftoa.str1.4
                0x10007884       0x15 CMakeFiles/fable_navigation_bridge.dir/C_/Program_Files/Raspberry_Pi/Pico_SDK_v1.5.1/pico-sdk/src/rp2_common/pico_printf/printf.c.obj
 *fill*         0x10007899        0x3 
 .rodata._vsnprintf
                0x1000789c      0x1e0 CMakeFiles/fable_navigation_bridge.dir/C_/Program_Files/Raspberry_Pi/Pico_SDK_v1.5.1/pico-sdk/src/rp2_common/pico_printf/printf.c.obj
 *fill*         0x10007a7c        0x4 
 .rodata.pow10.0
                0x10007a80       0x50 CMakeFiles/fable_navigation_bridge.dir/C_/Program_Files/Raspberry_Pi/Pico_SDK_v1.5.1/pico-sdk/src/rp2_common/pico_printf/printf.c.obj
 .rodata.str1.4
                0x10007ad0       0x4c CMakeFiles/fable_navigation_bridge.dir/C_/Program_Files/Raspberry_Pi/Pico_SDK_v1.5.1/pico-sdk/src/rp2_common/pico_standard_link/binary_info.c.obj
 .rodata.__bi_44
                0x10007b1c        0xc CMakeFiles/fable_navigation_bridge.dir/C_/Program_Files/Raspberry_Pi/Pico_SDK_v1.5.1/pico-sdk/src/rp2_common/pico_standard_link/binary_info.c.obj
 .rodata.__bi_75
                0x10007b28        0xc CMakeFiles/fable_navigation_bridge.dir/C_/Program_Files/Raspberry_Pi/Pico_SDK_v1.5.1/pico-sdk/src/rp2_common/pico_standard_link/binary_info.c.obj
 .rodata.__bi_81
                0x10007b34        0xc CMakeFiles/fable_navigation_bridge.dir/C_/Program_Files/Raspberry_Pi/Pico_SDK_v1.5.1/pico-sdk/src/rp2_common/pico_standard_link/binary_info.c.obj
 .rodata.crlf_str.0
                0x10007b40        0x2 CMakeFiles/fable_navigation_bridge.dir/C_/Program_Files/Raspberry_Pi/Pico_SDK_v1.5.1/pico-sdk/src/rp2_common/pico_stdio/stdio.c.obj
 *fill*         0x10007b42        0x2 
 .rodata._resetd_driver
                0x10007b44       0x18 CMakeFiles/fable_navigation_bridge.dir/C_/Program_Files/Raspberry_Pi/Pico_SDK_v1.5.1/pico-sdk/src/rp2_common/pico_stdio_usb/reset_interface.c.obj
 .rodata.str1.4
                0x10007b5c       0x13 CMakeFiles/fable_navigation_bridge.dir/C_/Program_Files/Raspberry_Pi/Pico_SDK_v1.5.1/pico-sdk/src/rp2_common/pico_stdio_usb/stdio_usb.c.obj
 *fill*         0x10007b6f        0x1 
 .rodata.__bi_182.0
                0x10007b70        0xc CMakeFiles/fable_navigation_bridge.dir/C_/Program_Files/Raspberry_Pi/Pico_SDK_v1.5.1/pico-sdk/src/rp2_common/pico_stdio_usb/stdio_usb.c.obj
 .rodata.str1.4
                0x10007b7c       0x2a CMakeFiles/fable_navigation_bridge.dir/C_/Program_Files/Raspberry_Pi/Pico_SDK_v1.5.1/pico-sdk/src/rp2_common/pico_stdio_usb/stdio_usb_descriptors.c.obj
 *fill*         0x10007ba6        0x2 
 .rodata.usbd_desc_cfg
                0x10007ba8       0x54 CMakeFiles/fable_navigation_bridge.dir/C_/Program_Files/Raspberry_Pi/Pico_SDK_v1.5.1/pico-sdk/src/rp2_common/pico_stdio_usb/stdio_usb_descriptors.c.obj
 .rodata.usbd_desc_device
                0x10007bfc       0x12 CMakeFiles/fable_navigation_bridge.dir/C_/Program_Files/Raspberry_Pi/Pico_SDK_v1.5.1/pico-sdk/src/rp2_common/pico_stdio_usb/stdio_usb_descriptors.c.obj
 *fill*         0x10007c0e        0x2 
 .rodata.usbd_desc_str
                0x10007c10       0x18 CMakeFiles/fable_navigation_bridge.dir/C_/Program_Files/Raspberry_Pi/Pico_SDK_v1.5.1/pico-sdk/src/rp2_common/pico_stdio_usb/stdio_usb_descriptors.c.obj
 .rodata.str1.4
                0x10007c28       0x14 CMakeFiles/fable_navigation_bridge.dir/C_/Program_Files/Raspberry_Pi/Pico_SDK_v1.5.1/pico-sdk/lib/tinyusb/src/portable/raspberrypi/rp2040/dcd_rp2040.c.obj
 .rodata.str1.4
                0x10007c3c       0x53 CMakeFiles/fable_navigation_bridge.dir/C_/Program_Files/Raspberry_Pi/Pico_SDK_v1.5.1/pico-sdk/lib/tinyusb/src/portable/raspberrypi/rp2040/rp2040_usb.c.obj
 *fill*         0x10007c8f        0x1 
 .rodata.tud_task_ext
                0x10007c90       0x8c CMakeFiles/fable_navigation_bridge.dir/C_/Program_Files/Raspberry_Pi/Pico_SDK_v1.5.1/pico-sdk/lib/tinyusb/src/device/usbd.c.obj
 .rodata._usbd_driver
                0x10007d1c       0x18 CMakeFiles/fable_navigation_bridge.dir/C_/Program_Files/Raspberry_Pi/Pico_SDK_v1.5.1/pico-sdk/lib/tinyusb/src/device/usbd.c.obj
                0x10007d34                . = ALIGN (0x4)
 *(SORT_BY_ALIGNMENT(SORT_BY_NAME(.flashdata*)))
                0x10007d34                . = ALIGN (0x4)

.ARM.extab
 *(.ARM.extab* .gnu.linkonce.armextab.*)
                0x10007d34                __exidx_start = .

.ARM.exidx
 *(.ARM.exidx* .gnu.linkonce.armexidx.*)
                0x10007d34                __exidx_end = .
                0x10007d34                . = ALIGN (0x4)
                0x10007d34                __binary_info_start = .

.binary_info    0x10007d34       0x20
 *(.binary_info.keep.*)
 .binary_info.keep.__bi_ptr22
                0x10007d34        0x4 CMakeFiles/fable_navigation_bridge.dir/C_/Program_Files/Raspberry_Pi/Pico_SDK_v1.5.1/pico-sdk/src/rp2_common/pico_standard_link/binary_info.c.obj
 .binary_info.keep.__bi_ptr30
                0x10007d38        0x4 CMakeFiles/fable_navigation_bridge.dir/C_/Program_Files/Raspberry_Pi/Pico_SDK_v1.5.1/pico-sdk/src/rp2_common/pico_standard_link/binary_info.c.obj
 .binary_info.keep.__bi_ptr38
                0x10007d3c        0x4 CMakeFiles/fable_navigation_bridge.dir/C_/Program_Files/Raspberry_Pi/Pico_SDK_v1.5.1/pico-sdk/src/rp2_common/pico_standard_link/binary_info.c.obj
 .binary_info.keep.__bi_ptr44
                0x10007d40        0x4 CMakeFiles/fable_navigation_bridge.dir/C_/Program_Files/Raspberry_Pi/Pico_SDK_v1.5.1/pico-sdk/src/rp2_common/pico_standard_link/binary_info.c.obj
 .binary_info.keep.__bi_ptr50
                0x10007d44        0x4 CMakeFiles/fable_navigation_bridge.dir/C_/Program_Files/Raspberry_Pi/Pico_SDK_v1.5.1/pico-sdk/src/rp2_common/pico_standard_link/binary_info.c.obj
 .binary_info.keep.__bi_ptr75
                0x10007d48        0x4 CMakeFiles/fable_navigation_bridge.dir/C_/Program_Files/Raspberry_Pi/Pico_SDK_v1.5.1/pico-sdk/src/rp2_common/pico_standard_link/binary_info.c.obj
 .binary_info.keep.__bi_ptr81
                0x10007d4c        0x4 CMakeFiles/fable_navigation_bridge.dir/C_/Program_Files/Raspberry_Pi/Pico_SDK_v1.5.1/pico-sdk/src/rp2_common/pico_standard_link/binary_info.c.obj
 *(.binary_info.*)
 .binary_info.__bi_ptr182
                0x10007d50        0x4 CMakeFiles/fable_navigation_bridge.dir/C_/Program_Files/Raspberry_Pi/Pico_SDK_v1.5.1/pico-sdk/src/rp2_common/pico_stdio_usb/stdio_usb.c.obj
                0x10007d54                __binary_info_end = .

.rel.dyn        0x10007d54        0x0
 .rel.iplt      0x10007d54        0x0 c:/progra~1/raspbe~1/picosd~1.1/gcc-ar~1/bin/../lib/gcc/arm-none-eabi/10.3.1/thumb/v6-m/nofp/crtbegin.o
                0x10007d54                . = ALIGN (0x4)

.ram_vector_table
                0x20000000       0xc0
 *(.ram_vector_table)
 .ram_vector_table
                0x20000000       0xc0 CMakeFiles/fable_navigation_bridge.dir/C_/Program_Files/Raspberry_Pi/Pico_SDK_v1.5.1/pico-sdk/src/rp2_common/pico_runtime/runtime.c.obj
                0x20000000                ram_vector_table

.data           0x200000c0      0xf08 load address 0x10007d54
                0x200000c0                __data_start__ = .
 *(vtable)
 *(.time_critical*)
 .time_critical.mutex_try_enter
                0x200000c0       0x44 CMakeFiles/fable_navigation_bridge.dir/C_/Program_Files/Raspberry_Pi/Pico_SDK_v1.5.1/pico-sdk/src/common/pico_sync/mutex.c.obj
                0x200000c0                mutex_try_enter
 .time_critical.mutex_try_enter_block_until
                0x20000104       0x9c CMakeFiles/fable_navigation_bridge.dir/C_/Program_Files/Raspberry_Pi/Pico_SDK_v1.5.1/pico-sdk/src/common/pico_sync/mutex.c.obj
                0x20000104                mutex_try_enter_block_until
 .time_critical.mutex_enter_timeout_ms
                0x200001a0       0x90 CMakeFiles/fable_navigation_bridge.dir/C_/Program_Files/Raspberry_Pi/Pico_SDK_v1.5.1/pico-sdk/src/common/pico_sync/mutex.c.obj
                0x200001a0                mutex_enter_timeout_ms
 .time_critical.mutex_exit
                0x20000230       0x28 CMakeFiles/fable_navigation_bridge.dir/C_/Program_Files/Raspberry_Pi/Pico_SDK_v1.5.1/pico-sdk/src/common/pico_sync/mutex.c.obj
                0x20000230                mutex_exit
 .time_critical.i2c_slave_irq_handler
                0x20000258       0x98 CMakeFiles/fable_navigation_bridge.dir/C_/Program_Files/Raspberry_Pi/Pico_SDK_v1.5.1/pico-sdk/src/rp2_common/pico_i2c_slave/i2c_slave.c.obj
 .time_critical.flash_init_boot2_copyout
                0x200002f0       0x30 CMakeFiles/fable_navigation_bridge.dir/C_/Program_Files/Raspberry_Pi/Pico_SDK_v1.5.1/pico-sdk/src/rp2_common/hardware_flash/flash.c.obj
 .time_critical.flash_enable_xip_via_boot2
                0x20000320       0x10 CMakeFiles/fable_navigation_bridge.dir/C_/Program_Files/Raspberry_Pi/Pico_SDK_v1.5.1/pico-sdk/src/rp2_common/hardware_flash/flash.c.obj
 .time_critical.flash_cs_force
                0x20000330       0x38 CMakeFiles/fable_navigation_bridge.dir/C_/Program_Files/Raspberry_Pi/Pico_SDK_v1.5.1/pico-sdk/src/rp2_common/hardware_flash/flash.c.obj
 .time_critical.flash_do_cmd
                0x20000368       0xc4 CMakeFiles/fable_navigation_bridge.dir/C_/Program_Files/Raspberry_Pi/Pico_SDK_v1.5.1/pico-sdk/src/rp2_common/hardware_flash/flash.c.obj
                0x20000368                flash_do_cmd
 .time_critical.reset_non_control_endpoints
                0x2000042c       0xbc CMakeFiles/fable_navigation_bridge.dir/C_/Program_Files/Raspberry_Pi/Pico_SDK_v1.5.1/pico-sdk/lib/tinyusb/src/portable/raspberrypi/rp2040/dcd_rp2040.c.obj
 .time_critical.hw_handle_buff_status
                0x200004e8       0xa8 CMakeFiles/fable_navigation_bridge.dir/C_/Program_Files/Raspberry_Pi/Pico_SDK_v1.5.1/pico-sdk/lib/tinyusb/src/portable/raspberrypi/rp2040/dcd_rp2040.c.obj
 .time_critical.dcd_rp2040_irq
                0x20000590      0x4d8 CMakeFiles/fable_navigation_bridge.dir/C_/Program_Files/Raspberry_Pi/Pico_SDK_v1.5.1/pico-sdk/lib/tinyusb/src/portable/raspberrypi/rp2040/dcd_rp2040.c.obj
 .time_critical.e15_is_bulkin_ep
                0x20000a68       0x28 CMakeFiles/fable_navigation_bridge.dir/C_/Program_Files/Raspberry_Pi/Pico_SDK_v1.5.1/pico-sdk/lib/tinyusb/src/portable/raspberrypi/rp2040/rp2040_usb.c.obj
 .time_critical.e15_is_critical_frame_period
                0x20000a90       0x34 CMakeFiles/fable_navigation_bridge.dir/C_/Program_Files/Raspberry_Pi/Pico_SDK_v1.5.1/pico-sdk/lib/tinyusb/src/portable/raspberrypi/rp2040/rp2040_usb.c.obj
 .time_critical.prepare_ep_buffer
                0x20000ac4       0x70 CMakeFiles/fable_navigation_bridge.dir/C_/Program_Files/Raspberry_Pi/Pico_SDK_v1.5.1/pico-sdk/lib/tinyusb/src/portable/raspberrypi/rp2040/rp2040_usb.c.obj
 .time_critical.sync_ep_buffer
                0x20000b34       0x4c CMakeFiles/fable_navigation_bridge.dir/C_/Program_Files/Raspberry_Pi/Pico_SDK_v1.5.1/pico-sdk/lib/tinyusb/src/portable/raspberrypi/rp2040/rp2040_usb.c.obj
 .time_critical._hw_endpoint_xfer_sync
                0x20000b80       0x28 CMakeFiles/fable_navigation_bridge.dir/C_/Program_Files/Raspberry_Pi/Pico_SDK_v1.5.1/pico-sdk/lib/tinyusb/src/portable/raspberrypi/rp2040/rp2040_usb.c.obj
 .time_critical.hw_endpoint_reset_transfer
                0x20000ba8        0xc CMakeFiles/fable_navigation_bridge.dir/C_/Program_Files/Raspberry_Pi/Pico_SDK_v1.5.1/pico-sdk/lib/tinyusb/src/portable/raspberrypi/rp2040/rp2040_usb.c.obj
                0x20000ba8                hw_endpoint_reset_transfer
 .time_critical._hw_endpoint_buffer_control_update32
                0x20000bb4       0x58 CMakeFiles/fable_navigation_bridge.dir/C_/Program_Files/Raspberry_Pi/Pico_SDK_v1.5.1/pico-sdk/lib/tinyusb/src/portable/raspberrypi/rp2040/rp2040_usb.c.obj
                0x20000bb4                _hw_endpoint_buffer_control_update32
 .time_critical.hw_endpoint_start_next_buffer
                0x20000c0c       0x6c CMakeFiles/fable_navigation_bridge.dir/C_/Program_Files/Raspberry_Pi/Pico_SDK_v1.5.1/pico-sdk/lib/tinyusb/src/portable/raspberrypi/rp2040/rp2040_usb.c.obj
                0x20000c0c                hw_endpoint_start_next_buffer
 .time_critical.hw_endpoint_xfer_continue
                0x20000c78       0x50 CMakeFiles/fable_navigation_bridge.dir/C_/Program_Files/Raspberry_Pi/Pico_SDK_v1.5.1/pico-sdk/lib/tinyusb/src/portable/raspberrypi/rp2040/rp2040_usb.c.obj
                0x20000c78                hw_endpoint_xfer_continue
 .time_critical.tinyusb
                0x20000cc8      0x170 CMakeFiles/fable_navigation_bridge.dir/C_/Program_Files/Raspberry_Pi/Pico_SDK_v1.5.1/pico-sdk/lib/tinyusb/src/device/usbd.c.obj
                0x20000cc8                dcd_event_handler
 *(.text*)
 .text          0x20000e38        0x4 c:/progra~1/raspbe~1/picosd~1.1/gcc-ar~1/bin/../lib/gcc/arm-none-eabi/10.3.1/thumb/v6-m/nofp\libgcc.a(_dvmd_tls.o)
                0x20000e38                __aeabi_idiv0
                0x20000e38                __aeabi_ldiv0
 *fill*         0x20000e3c        0x4 
 .text.__stub   0x20000e40       0x70 linker stubs
                0x20000eb0                . = ALIGN (0x4)
 *(.rodata*)
                0x20000eb0                . = ALIGN (0x4)
 *(.data*)
 .data.i2c0_inst
                0x20000eb0        0x8 CMakeFiles/fable_navigation_bridge.dir/C_/Program_Files/Raspberry_Pi/Pico_SDK_v1.5.1/pico-sdk/src/rp2_common/hardware_i2c/i2c.c.obj
                0x20000eb0                i2c0_inst
 .data.i2c1_inst
                0x20000eb8        0x8 CMakeFiles/fable_navigation_bridge.dir/C_/Program_Files/Raspberry_Pi/Pico_SDK_v1.5.1/pico-sdk/src/rp2_common/hardware_i2c/i2c.c.obj
                0x20000eb8                i2c1_inst
 .data.striped_spin_lock_num
                0x20000ec0        0x1 CMakeFiles/fable_navigation_bridge.dir/C_/Program_Files/Raspberry_Pi/Pico_SDK_v1.5.1/pico-sdk/src/rp2_common/hardware_sync/sync.c.obj
 *fill*         0x20000ec1        0x3 
 .data.default_alarm_pool
                0x20000ec4       0x18 CMakeFiles/fable_navigation_bridge.dir/C_/Program_Files/Raspberry_Pi/Pico_SDK_v1.5.1/pico-sdk/src/common/pico_time/time.c.obj
 .data.default_alarm_pool_heap
                0x20000edc       0x10 CMakeFiles/fable_navigation_bridge.dir/C_/Program_Files/Raspberry_Pi/Pico_SDK_v1.5.1/pico-sdk/src/common/pico_time/time.c.obj
 .data          0x20000eec       0x48 CMakeFiles/fable_navigation_bridge.dir/C_/Program_Files/Raspberry_Pi/Pico_SDK_v1.5.1/pico-sdk/src/rp2_common/hardware_irq/irq_handler_chain.S.obj
                0x20000eec                irq_handler_chain_slots
                0x20000f1c                irq_handler_chain_first_slot
                0x20000f26                irq_handler_chain_remove_tail
 *fill*         0x20000f34        0xc 
 .data.aeabi_bits_funcs
                0x20000f40       0x10 CMakeFiles/fable_navigation_bridge.dir/C_/Program_Files/Raspberry_Pi/Pico_SDK_v1.5.1/pico-sdk/src/rp2_common/pico_bit_ops/bit_ops_aeabi.S.obj
                0x20000f40                aeabi_bits_funcs
                0x20000f50                aeabi_bits_funcs_end
 .data.aeabi_mem_funcs
                0x20000f50       0x10 CMakeFiles/fable_navigation_bridge.dir/C_/Program_Files/Raspberry_Pi/Pico_SDK_v1.5.1/pico-sdk/src/rp2_common/pico_mem_ops/mem_ops_aeabi.S.obj
                0x20000f50                aeabi_mem_funcs
                0x20000f60                aeabi_mem_funcs_end
 .data.stdio_usb
                0x20000f60       0x18 CMakeFiles/fable_navigation_bridge.dir/C_/Program_Files/Raspberry_Pi/Pico_SDK_v1.5.1/pico-sdk/src/rp2_common/pico_stdio_usb/stdio_usb.c.obj
                0x20000f60                stdio_usb
 .data.ep_dir_string
                0x20000f78        0x8 CMakeFiles/fable_navigation_bridge.dir/C_/Program_Files/Raspberry_Pi/Pico_SDK_v1.5.1/pico-sdk/lib/tinyusb/src/portable/raspberrypi/rp2040/rp2040_usb.c.obj
                0x20000f78                ep_dir_string
 .data._usbd_qdef
                0x20000f80       0x1c CMakeFiles/fable_navigation_bridge.dir/C_/Program_Files/Raspberry_Pi/Pico_SDK_v1.5.1/pico-sdk/lib/tinyusb/src/device/usbd.c.obj
                0x20000f80                _usbd_qdef
 .data._usbd_rhport
                0x20000f9c        0x1 CMakeFiles/fable_navigation_bridge.dir/C_/Program_Files/Raspberry_Pi/Pico_SDK_v1.5.1/pico-sdk/lib/tinyusb/src/device/usbd.c.obj
                0x20000fa0                . = ALIGN (0x4)
 *fill*         0x20000f9d        0x3 
 *(.after_data.*)
                0x20000fa0                . = ALIGN (0x4)
                0x20000fa0                PROVIDE (__mutex_array_start = .)
 *(SORT_BY_NAME(.mutex_array.*))
 *(.mutex_array)
 .mutex_array   0x20000fa0        0x8 CMakeFiles/fable_navigation_bridge.dir/C_/Program_Files/Raspberry_Pi/Pico_SDK_v1.5.1/pico-sdk/src/rp2_common/pico_malloc/pico_malloc.c.obj
 .mutex_array   0x20000fa8        0x8 CMakeFiles/fable_navigation_bridge.dir/C_/Program_Files/Raspberry_Pi/Pico_SDK_v1.5.1/pico-sdk/src/rp2_common/pico_stdio/stdio.c.obj
                0x20000fb0                PROVIDE (__mutex_array_end = .)
                0x20000fb0                . = ALIGN (0x4)
                0x20000fb0                PROVIDE (__preinit_array_start = .)
 *(SORT_BY_NAME(.preinit_array.*))
 .preinit_array.00001
                0x20000fb0        0x4 CMakeFiles/fable_navigation_bridge.dir/C_/Program_Files/Raspberry_Pi/Pico_SDK_v1.5.1/pico-sdk/src/rp2_common/pico_mem_ops/mem_ops_aeabi.S.obj
 .preinit_array.00010
                0x20000fb4        0x4 CMakeFiles/fable_navigation_bridge.dir/C_/Program_Files/Raspberry_Pi/Pico_SDK_v1.5.1/pico-sdk/src/rp2_common/pico_bit_ops/bit_ops_aeabi.S.obj
 .preinit_array.00020
                0x20000fb8        0x4 CMakeFiles/fable_navigation_bridge.dir/C_/Program_Files/Raspberry_Pi/Pico_SDK_v1.5.1/pico-sdk/src/rp2_common/pico_double/double_aeabi.S.obj
 .preinit_array.00020
                0x20000fbc        0x4 CMakeFiles/fable_navigation_bridge.dir/C_/Program_Files/Raspberry_Pi/Pico_SDK_v1.5.1/pico-sdk/src/rp2_common/pico_float/float_aeabi.S.obj
 *(.preinit_array)
                0x20000fc0                PROVIDE (__preinit_array_end = .)
                0x20000fc0                . = ALIGN (0x4)
                0x20000fc0                PROVIDE (__init_array_start = .)
 *(SORT_BY_NAME(.init_array.*))
 *(.init_array)
 .init_array    0x20000fc0        0x4 c:/progra~1/raspbe~1/picosd~1.1/gcc-ar~1/bin/../lib/gcc/arm-none-eabi/10.3.1/thumb/v6-m/nofp/crtbegin.o
 .init_array    0x20000fc4        0x4 CMakeFiles/fable_navigation_bridge.dir/C_/Program_Files/Raspberry_Pi/Pico_SDK_v1.5.1/pico-sdk/src/rp2_common/pico_unique_id/unique_id.c.obj
                0x20000fc8                PROVIDE (__init_array_end = .)
                0x20000fc8                . = ALIGN (0x4)
                [!provide]                PROVIDE (__fini_array_start = .)
 *(SORT_BY_NAME(.fini_array.*))
 *(.fini_array)
                [!provide]                PROVIDE (__fini_array_end = .)
 *(.jcr)
                0x20000fc8                . = ALIGN (0x4)
                0x20000fc8                __data_end__ = .
                0x10007d54                __etext = LOADADDR (.data)

.igot.plt       0x20000fc8        0x0 load address 0x10008c5c
 .igot.plt      0x20000fc8        0x0 c:/progra~1/raspbe~1/picosd~1.1/gcc-ar~1/bin/../lib/gcc/arm-none-eabi/10.3.1/thumb/v6-m/nofp/crtbegin.o

.uninitialized_data
                0x20000fc8        0x0 load address 0x10008c5c
                0x20000fc8                . = ALIGN (0x4)
 *(.uninitialized_data*)

.scratch_x      0x20040000        0x0 load address 0x10008c5c
                0x20040000                __scratch_x_start__ = .
 *(.scratch_x.*)
                0x20040000                . = ALIGN (0x4)
                0x20040000                __scratch_x_end__ = .
                0x10008c5c                __scratch_x_source__ = LOADADDR (.scratch_x)

.scratch_y      0x20041000        0x0 load address 0x10008c5c
                0x20041000                __scratch_y_start__ = .
 *(.scratch_y.*)
                0x20041000                . = ALIGN (0x4)
                0x20041000                __scratch_y_end__ = .
                0x10008c5c                __scratch_y_source__ = LOADADDR (.scratch_y)

.bss            0x20000fc8      0xe74
                0x20000fc8                . = ALIGN (0x4)
                0x20000fc8                __bss_start__ = .
 *(SORT_BY_ALIGNMENT(SORT_BY_NAME(.bss*)))
 .bss.default_alarm_pool_entries
                0x20000fc8      0x100 CMakeFiles/fable_navigation_bridge.dir/C_/Program_Files/Raspberry_Pi/Pico_SDK_v1.5.1/pico-sdk/src/common/pico_time/time.c.obj
 .bss.last_avail_time.1
                0x200010c8        0x8 CMakeFiles/fable_navigation_bridge.dir/C_/Program_Files/Raspberry_Pi/Pico_SDK_v1.5.1/pico-sdk/src/rp2_common/pico_stdio_usb/stdio_usb.c.obj
 .bss.sd_table  0x200010d0      0x100 CMakeFiles/fable_navigation_bridge.dir/C_/Program_Files/Raspberry_Pi/Pico_SDK_v1.5.1/pico-sdk/src/rp2_common/pico_double/double_init_rom.c.obj
                0x200010d0                sd_table
 .bss.sf_table  0x200011d0      0x100 CMakeFiles/fable_navigation_bridge.dir/C_/Program_Files/Raspberry_Pi/Pico_SDK_v1.5.1/pico-sdk/src/rp2_common/pico_float/float_init_rom.c.obj
                0x200011d0                sf_table
 .bss           0x200012d0       0x1c c:/progra~1/raspbe~1/picosd~1.1/gcc-ar~1/bin/../lib/gcc/arm-none-eabi/10.3.1/thumb/v6-m/nofp/crtbegin.o
 .bss._app_driver
                0x200012ec        0x4 CMakeFiles/fable_navigation_bridge.dir/C_/Program_Files/Raspberry_Pi/Pico_SDK_v1.5.1/pico-sdk/lib/tinyusb/src/device/usbd.c.obj
 .bss._cdcd_itf
                0x200012f0      0x2c8 CMakeFiles/fable_navigation_bridge.dir/C_/Program_Files/Raspberry_Pi/Pico_SDK_v1.5.1/pico-sdk/lib/tinyusb/src/class/cdc/cdc_device.c.obj
 .bss._ctrl_xfer
                0x200015b8       0x14 CMakeFiles/fable_navigation_bridge.dir/C_/Program_Files/Raspberry_Pi/Pico_SDK_v1.5.1/pico-sdk/lib/tinyusb/src/device/usbd_control.c.obj
 .bss._ubsd_mutexdef
                0x200015cc        0x8 CMakeFiles/fable_navigation_bridge.dir/C_/Program_Files/Raspberry_Pi/Pico_SDK_v1.5.1/pico-sdk/lib/tinyusb/src/device/usbd.c.obj
 .bss._usbd_ctrl_buf
                0x200015d4       0x40 CMakeFiles/fable_navigation_bridge.dir/C_/Program_Files/Raspberry_Pi/Pico_SDK_v1.5.1/pico-sdk/lib/tinyusb/src/device/usbd_control.c.obj
 .bss._usbd_dev
                0x20001614       0x53 CMakeFiles/fable_navigation_bridge.dir/C_/Program_Files/Raspberry_Pi/Pico_SDK_v1.5.1/pico-sdk/lib/tinyusb/src/device/usbd.c.obj
 *fill*         0x20001667        0x1 
 .bss._usbd_mutex
                0x20001668        0x4 CMakeFiles/fable_navigation_bridge.dir/C_/Program_Files/Raspberry_Pi/Pico_SDK_v1.5.1/pico-sdk/lib/tinyusb/src/device/usbd.c.obj
 .bss._usbd_q   0x2000166c        0x4 CMakeFiles/fable_navigation_bridge.dir/C_/Program_Files/Raspberry_Pi/Pico_SDK_v1.5.1/pico-sdk/lib/tinyusb/src/device/usbd.c.obj
 .bss._usbd_qdef_buf
                0x20001670       0xc0 CMakeFiles/fable_navigation_bridge.dir/C_/Program_Files/Raspberry_Pi/Pico_SDK_v1.5.1/pico-sdk/lib/tinyusb/src/device/usbd.c.obj
                0x20001670                _usbd_qdef_buf
 .bss.accepted_frames
                0x20001730        0x4 CMakeFiles/fable_navigation_bridge.dir/main.c.obj
 .bss.alarm_callbacks
                0x20001734       0x10 CMakeFiles/fable_navigation_bridge.dir/C_/Program_Files/Raspberry_Pi/Pico_SDK_v1.5.1/pico-sdk/src/rp2_common/hardware_timer/timer.c.obj
 .bss.boot2_copyout
                0x20001744      0x100 CMakeFiles/fable_navigation_bridge.dir/C_/Program_Files/Raspberry_Pi/Pico_SDK_v1.5.1/pico-sdk/src/rp2_common/hardware_flash/flash.c.obj
 .bss.chars_available_callback
                0x20001844        0x4 CMakeFiles/fable_navigation_bridge.dir/C_/Program_Files/Raspberry_Pi/Pico_SDK_v1.5.1/pico-sdk/src/rp2_common/pico_stdio_usb/stdio_usb.c.obj
 .bss.chars_available_param
                0x20001848        0x4 CMakeFiles/fable_navigation_bridge.dir/C_/Program_Files/Raspberry_Pi/Pico_SDK_v1.5.1/pico-sdk/src/rp2_common/pico_stdio_usb/stdio_usb.c.obj
 .bss.claimed   0x2000184c        0x4 CMakeFiles/fable_navigation_bridge.dir/C_/Program_Files/Raspberry_Pi/Pico_SDK_v1.5.1/pico-sdk/src/rp2_common/hardware_sync/sync.c.obj
 .bss.configured_freq
                0x20001850       0x28 CMakeFiles/fable_navigation_bridge.dir/C_/Program_Files/Raspberry_Pi/Pico_SDK_v1.5.1/pico-sdk/src/rp2_common/hardware_clocks/clocks.c.obj
 .bss.default_alarm_pool_entry_ids_high
                0x20001878       0x10 CMakeFiles/fable_navigation_bridge.dir/C_/Program_Files/Raspberry_Pi/Pico_SDK_v1.5.1/pico-sdk/src/common/pico_time/time.c.obj
 .bss.default_alarm_pool_heap_nodes
                0x20001888       0x30 CMakeFiles/fable_navigation_bridge.dir/C_/Program_Files/Raspberry_Pi/Pico_SDK_v1.5.1/pico-sdk/src/common/pico_time/time.c.obj
 .bss.desc_str.0
                0x200018b8       0x28 CMakeFiles/fable_navigation_bridge.dir/C_/Program_Files/Raspberry_Pi/Pico_SDK_v1.5.1/pico-sdk/src/rp2_common/pico_stdio_usb/stdio_usb_descriptors.c.obj
 .bss.drivers   0x200018e0        0x4 CMakeFiles/fable_navigation_bridge.dir/C_/Program_Files/Raspberry_Pi/Pico_SDK_v1.5.1/pico-sdk/src/rp2_common/pico_stdio/stdio.c.obj
 .bss.e15_last_sof
                0x200018e4        0x4 CMakeFiles/fable_navigation_bridge.dir/C_/Program_Files/Raspberry_Pi/Pico_SDK_v1.5.1/pico-sdk/lib/tinyusb/src/portable/raspberrypi/rp2040/rp2040_usb.c.obj
                0x200018e4                e15_last_sof
 .bss.filter    0x200018e8        0x4 CMakeFiles/fable_navigation_bridge.dir/C_/Program_Files/Raspberry_Pi/Pico_SDK_v1.5.1/pico-sdk/src/rp2_common/pico_stdio/stdio.c.obj
 .bss.hw_endpoints
                0x200018ec      0x400 CMakeFiles/fable_navigation_bridge.dir/C_/Program_Files/Raspberry_Pi/Pico_SDK_v1.5.1/pico-sdk/lib/tinyusb/src/portable/raspberrypi/rp2040/dcd_rp2040.c.obj
 .bss.i2c_context
                0x20001cec        0x2 CMakeFiles/fable_navigation_bridge.dir/main.c.obj
 *fill*         0x20001cee        0x2 
 .bss.i2c_slaves
                0x20001cf0       0x10 CMakeFiles/fable_navigation_bridge.dir/C_/Program_Files/Raspberry_Pi/Pico_SDK_v1.5.1/pico-sdk/src/rp2_common/pico_i2c_slave/i2c_slave.c.obj
 .bss.i2c_transactions
                0x20001d00        0x4 CMakeFiles/fable_navigation_bridge.dir/main.c.obj
 .bss.latched_snapshot
                0x20001d04       0x38 CMakeFiles/fable_navigation_bridge.dir/main.c.obj
 .bss.latched_ultrasonic
                0x20001d3c        0xc CMakeFiles/fable_navigation_bridge.dir/main.c.obj
 .bss.lazy_vsnprintf
                0x20001d48        0x4 CMakeFiles/fable_navigation_bridge.dir/C_/Program_Files/Raspberry_Pi/Pico_SDK_v1.5.1/pico-sdk/src/rp2_common/pico_printf/printf.c.obj
 .bss.load_value
                0x20001d4c        0x4 CMakeFiles/fable_navigation_bridge.dir/C_/Program_Files/Raspberry_Pi/Pico_SDK_v1.5.1/pico-sdk/src/rp2_common/hardware_watchdog/watchdog.c.obj
 .bss.next_buffer_ptr
                0x20001d50        0x4 CMakeFiles/fable_navigation_bridge.dir/C_/Program_Files/Raspberry_Pi/Pico_SDK_v1.5.1/pico-sdk/lib/tinyusb/src/portable/raspberrypi/rp2040/dcd_rp2040.c.obj
 .bss.one_shot_timer_crit_sec
                0x20001d54        0x8 CMakeFiles/fable_navigation_bridge.dir/C_/Program_Files/Raspberry_Pi/Pico_SDK_v1.5.1/pico-sdk/src/rp2_common/pico_stdio_usb/stdio_usb.c.obj
 .bss.pools     0x20001d5c       0x10 CMakeFiles/fable_navigation_bridge.dir/C_/Program_Files/Raspberry_Pi/Pico_SDK_v1.5.1/pico-sdk/src/common/pico_time/time.c.obj
 .bss.published_snapshot
                0x20001d6c       0x38 CMakeFiles/fable_navigation_bridge.dir/main.c.obj
 .bss.published_ultrasonic
                0x20001da4        0xc CMakeFiles/fable_navigation_bridge.dir/main.c.obj
 .bss.rejected_frames
                0x20001db0        0x4 CMakeFiles/fable_navigation_bridge.dir/main.c.obj
 .bss.retrieved_id
                0x20001db4        0x8 CMakeFiles/fable_navigation_bridge.dir/C_/Program_Files/Raspberry_Pi/Pico_SDK_v1.5.1/pico-sdk/src/rp2_common/pico_unique_id/unique_id.c.obj
 .bss.sf_clz_func
                0x20001dbc        0x4 CMakeFiles/fable_navigation_bridge.dir/C_/Program_Files/Raspberry_Pi/Pico_SDK_v1.5.1/pico-sdk/src/rp2_common/pico_double/double_init_rom.c.obj
                0x20001dbc                sf_clz_func
 .bss.sleep_notifier
                0x20001dc0        0x4 CMakeFiles/fable_navigation_bridge.dir/C_/Program_Files/Raspberry_Pi/Pico_SDK_v1.5.1/pico-sdk/src/common/pico_time/time.c.obj
 .bss.stdio_usb_mutex
                0x20001dc4        0x8 CMakeFiles/fable_navigation_bridge.dir/C_/Program_Files/Raspberry_Pi/Pico_SDK_v1.5.1/pico-sdk/src/rp2_common/pico_stdio_usb/stdio_usb.c.obj
 .bss.target_hi
                0x20001dcc       0x10 CMakeFiles/fable_navigation_bridge.dir/C_/Program_Files/Raspberry_Pi/Pico_SDK_v1.5.1/pico-sdk/src/rp2_common/hardware_timer/timer.c.obj
 .bss.uart_char_to_line_feed
                0x20001ddc        0x4 CMakeFiles/fable_navigation_bridge.dir/C_/Program_Files/Raspberry_Pi/Pico_SDK_v1.5.1/pico-sdk/src/rp2_common/hardware_uart/uart.c.obj
                0x20001ddc                uart_char_to_line_feed
 .bss.uart_frame
                0x20001de0       0x38 CMakeFiles/fable_navigation_bridge.dir/main.c.obj
 .bss.uart_frame_index
                0x20001e18        0x4 CMakeFiles/fable_navigation_bridge.dir/main.c.obj
 .bss.ultrasonic_i2c_context
                0x20001e1c        0x2 CMakeFiles/fable_navigation_bridge.dir/main.c.obj
 *fill*         0x20001e1e        0x2 
 .bss.usbd_serial_str
                0x20001e20       0x11 CMakeFiles/fable_navigation_bridge.dir/C_/Program_Files/Raspberry_Pi/Pico_SDK_v1.5.1/pico-sdk/src/rp2_common/pico_stdio_usb/stdio_usb_descriptors.c.obj
 .bss._app_driver_count
                0x20001e31        0x1 CMakeFiles/fable_navigation_bridge.dir/C_/Program_Files/Raspberry_Pi/Pico_SDK_v1.5.1/pico-sdk/lib/tinyusb/src/device/usbd.c.obj
 .bss._sof_enable
                0x20001e32        0x1 CMakeFiles/fable_navigation_bridge.dir/C_/Program_Files/Raspberry_Pi/Pico_SDK_v1.5.1/pico-sdk/lib/tinyusb/src/portable/raspberrypi/rp2040/dcd_rp2040.c.obj
 .bss.boot2_copyout_valid
                0x20001e33        0x1 CMakeFiles/fable_navigation_bridge.dir/C_/Program_Files/Raspberry_Pi/Pico_SDK_v1.5.1/pico-sdk/src/rp2_common/hardware_flash/flash.c.obj
 .bss.claimed   0x20001e34        0x1 CMakeFiles/fable_navigation_bridge.dir/C_/Program_Files/Raspberry_Pi/Pico_SDK_v1.5.1/pico-sdk/src/rp2_common/hardware_timer/timer.c.obj
 .bss.irq_hander_chain_free_slot_head
                0x20001e35        0x1 CMakeFiles/fable_navigation_bridge.dir/C_/Program_Files/Raspberry_Pi/Pico_SDK_v1.5.1/pico-sdk/src/rp2_common/hardware_irq/irq.c.obj
 .bss.itf_num   0x20001e36        0x1 CMakeFiles/fable_navigation_bridge.dir/C_/Program_Files/Raspberry_Pi/Pico_SDK_v1.5.1/pico-sdk/src/rp2_common/pico_stdio_usb/reset_interface.c.obj
 .bss.low_priority_irq_num
                0x20001e37        0x1 CMakeFiles/fable_navigation_bridge.dir/C_/Program_Files/Raspberry_Pi/Pico_SDK_v1.5.1/pico-sdk/src/rp2_common/pico_stdio_usb/stdio_usb.c.obj
 .bss.one_shot_timer_pending
                0x20001e38        0x1 CMakeFiles/fable_navigation_bridge.dir/C_/Program_Files/Raspberry_Pi/Pico_SDK_v1.5.1/pico-sdk/src/rp2_common/pico_stdio_usb/stdio_usb.c.obj
 .bss.timer_callbacks_pending
                0x20001e39        0x1 CMakeFiles/fable_navigation_bridge.dir/C_/Program_Files/Raspberry_Pi/Pico_SDK_v1.5.1/pico-sdk/src/rp2_common/hardware_timer/timer.c.obj
 .bss.user_irq_claimed
                0x20001e3a        0x1 CMakeFiles/fable_navigation_bridge.dir/C_/Program_Files/Raspberry_Pi/Pico_SDK_v1.5.1/pico-sdk/src/rp2_common/hardware_irq/irq.c.obj
 *(COMMON)
                0x20001e3c                . = ALIGN (0x4)
 *fill*         0x20001e3b        0x1 
                0x20001e3c                __bss_end__ = .

.heap           0x20001e3c      0x800
                0x20001e3c                __end__ = .
                0x20001e3c                end = __end__
 *(.heap*)
 .heap          0x20001e3c      0x800 CMakeFiles/fable_navigation_bridge.dir/C_/Program_Files/Raspberry_Pi/Pico_SDK_v1.5.1/pico-sdk/src/rp2_common/pico_standard_link/crt0.S.obj
                0x2000263c                __HeapLimit = .

.stack1_dummy   0x20040000      0x800
 *(.stack1*)
 .stack1        0x20040000      0x800 CMakeFiles/fable_navigation_bridge.dir/C_/Program_Files/Raspberry_Pi/Pico_SDK_v1.5.1/pico-sdk/src/rp2_common/pico_multicore/multicore.c.obj

.stack_dummy    0x20041000      0x800
 *(.stack*)
 .stack         0x20041000      0x800 CMakeFiles/fable_navigation_bridge.dir/C_/Program_Files/Raspberry_Pi/Pico_SDK_v1.5.1/pico-sdk/src/rp2_common/pico_standard_link/crt0.S.obj

.flash_end      0x10008c5c        0x0
                0x10008c5c                PROVIDE (__flash_binary_end = .)
                0x20040000                __StackLimit = (ORIGIN (RAM) + LENGTH (RAM))
                0x20041000                __StackOneTop = (ORIGIN (SCRATCH_X) + LENGTH (SCRATCH_X))
                0x20042000                __StackTop = (ORIGIN (SCRATCH_Y) + LENGTH (SCRATCH_Y))
                0x20040800                __StackOneBottom = (__StackOneTop - SIZEOF (.stack1_dummy))
                0x20041800                __StackBottom = (__StackTop - SIZEOF (.stack_dummy))
                0x20042000                PROVIDE (__stack = __StackTop)
                0x00000001                ASSERT ((__StackLimit >= __HeapLimit), region RAM overflowed)
                0x00000001                ASSERT (((__binary_info_header_end - __logical_binary_start) <= 0x100), Binary info must be in first 256 bytes of the binary)
LOAD CMakeFiles/fable_navigation_bridge.dir/main.c.obj
LOAD CMakeFiles/fable_navigation_bridge.dir/C_/Program_Files/Raspberry_Pi/Pico_SDK_v1.5.1/pico-sdk/src/rp2_common/hardware_i2c/i2c.c.obj